../Drivers/BSP/Components/gde021a1/gde021a1.c:108:6:gde021a1_Init	16	static
../Drivers/BSP/Components/gde021a1/gde021a1.c:150:6:gde021a1_WritePixel	16	static
../Drivers/BSP/Components/gde021a1/gde021a1.c:167:6:gde021a1_SetDisplayWindow	24	static
../Drivers/BSP/Components/gde021a1/gde021a1.c:190:10:gde021a1_GetEpdPixelWidth	8	static
../Drivers/BSP/Components/gde021a1/gde021a1.c:200:10:gde021a1_GetEpdPixelHeight	8	static
../Drivers/BSP/Components/gde021a1/gde021a1.c:211:6:gde021a1_WriteReg	16	static
../Drivers/BSP/Components/gde021a1/gde021a1.c:223:9:gde021a1_ReadReg	16	static
../Drivers/BSP/Components/gde021a1/gde021a1.c:237:6:gde021a1_RefreshDisplay	8	static
../Drivers/BSP/Components/gde021a1/gde021a1.c:255:6:gde021a1_CloseChargePump	8	static
../Drivers/BSP/Components/gde021a1/gde021a1.c:278:6:gde021a1_DrawImage	40	static
