../Core/Src/main.c:27:6:printmsg	24	static
../Core/Src/main.c:35:5:main	16	static
../Core/Src/main.c:59:6:led_task_handler	16	static
../Core/Src/main.c:77:6:EXTI0_IRQHandler	8	static
../Core/Src/main.c:82:6:HAL_GPIO_EXTI_Callback	16	static
../Core/Src/main.c:86:13:prvSetupHardware	8	static
../Core/Src/main.c:94:13:prvSetupGPIO	40	static
../Core/Src/main.c:120:13:prvSetupUart	16	static
../Core/Src/main.c:137:6:SystemClock_Config	88	static
../Core/Src/main.c:184:6:Error_Handler	4	static,ignoring_inline_asm
