../Core/Src/main.c:71:16:GPS_Read_From_ESP32	2
../Core/Src/main.c:96:13:Flush_Stored_Locations	3
../Core/Src/main.c:120:5:main	5
../Core/Src/main.c:197:6:HAL_TIM_PeriodElapsedCallback	3
../Core/Src/main.c:217:6:SystemClock_Config	4
../Core/Src/main.c:251:13:MX_I2C1_Init	4
../Core/Src/main.c:270:13:MX_SPI1_Init	2
../Core/Src/main.c:288:13:MX_SPI2_Init	2
../Core/Src/main.c:306:13:MX_TIM2_Init	4
../Core/Src/main.c:337:13:MX_USART1_UART_Init	2
../Core/Src/main.c:353:13:MX_GPIO_Init	1
../Core/Src/main.c:379:6:Error_Handler	1
