../Core/Src/main.c:71:16:GPS_Read_From_ESP32	80	static
../Core/Src/main.c:96:13:Flush_Stored_Locations	512	static
../Core/Src/main.c:120:5:main	248	static
../Core/Src/main.c:197:6:HAL_TIM_PeriodElapsedCallback	16	static
../Core/Src/main.c:217:6:SystemClock_Config	128	static
../Core/Src/main.c:251:13:MX_I2C1_Init	8	static
../Core/Src/main.c:270:13:MX_SPI1_Init	8	static
../Core/Src/main.c:288:13:MX_SPI2_Init	8	static
../Core/Src/main.c:306:13:MX_TIM2_Init	32	static
../Core/Src/main.c:337:13:MX_USART1_UART_Init	8	static
../Core/Src/main.c:353:13:MX_GPIO_Init	48	static
../Core/Src/main.c:379:6:Error_Handler	8	static,ignoring_inline_asm
