15:47:31 **** Incremental Build of configuration Debug for project 005_e_Paper_Display ****
make -j8 all 
arm-none-eabi-gcc "../Core/Src/main.c" -mcpu=cortex-m0plus -std=gnu11 -g3 -DDEBUG -DUSE_STM32L0538_DISCO_REV_B03 -DUSE_HAL_DRIVER -DSTM32L053xx -c -I"D:/stm32L0/005_e_Paper_Display/Drivers/BSP/STM32L0538-Discovery" -I../Core/Inc -I../Drivers/STM32L0xx_HAL_Driver/Inc -I../Drivers/STM32L0xx_HAL_Driver/Inc/Legacy -I../Drivers/CMSIS/Device/ST/STM32L0xx/Include -I../Drivers/CMSIS/Include -O0 -ffunction-sections -fdata-sections -Wall -fstack-usage -fcyclomatic-complexity -MMD -MP -MF"Core/Src/main.d" -MT"Core/Src/main.o" --specs=nano.specs -mfloat-abi=soft -mthumb -o "Core/Src/main.o"
../Core/Src/main.c:119:13: warning: 'MX_SPI1_Init' defined but not used [-Wunused-function]
  119 | static void MX_SPI1_Init(void)
      |             ^~~~~~~~~~~~
arm-none-eabi-gcc -o "005_e_Paper_Display.elf" @"objects.list"   -mcpu=cortex-m0plus -T"D:\stm32L0\005_e_Paper_Display\STM32L053C8TX_FLASH.ld" --specs=nosys.specs -Wl,-Map="005_e_Paper_Display.map" -Wl,--gc-sections -static --specs=nano.specs -mfloat-abi=soft -mthumb -Wl,--start-group -lc -lm -Wl,--end-group
Finished building target: 005_e_Paper_Display.elf
 
arm-none-eabi-size  005_e_Paper_Display.elf 
arm-none-eabi-objdump -h -S 005_e_Paper_Display.elf  > "005_e_Paper_Display.list"
   text	   data	    bss	    dec	    hex	filename
  10872	     32	   1808	  12712	   31a8	005_e_Paper_Display.elf
Finished building: default.size.stdout
 
Finished building: 005_e_Paper_Display.list
 

15:47:34 Build Finished. 0 errors, 1 warnings. (took 3s.29ms)

