../Core/Src/main.c:29:5:main	24	static
../Core/Src/main.c:72:6:HAL_TIM_PeriodElapsedCallback	16	static
../Core/Src/main.c:86:6:TIM2_IRQHandler	8	static
../Core/Src/main.c:94:6:SystemClock_Config	128	static
../Core/Src/main.c:140:13:MX_USART1_UART_Init	8	static
../Core/Src/main.c:163:13:MX_I2C1_Init	8	static
../Core/Src/main.c:211:13:MX_SPI1_Init	8	static
../Core/Src/main.c:249:13:MX_TIM2_Init	32	static
../Core/Src/main.c:292:13:MX_GPIO_Init	48	static
../Core/Src/main.c:343:6:Error_Handler	8	static,ignoring_inline_asm
