../Core/Src/main.c:63:6:printmsg	24	static
../Core/Src/main.c:69:5:main	16	static
../Core/Src/main.c:116:6:vTask1_sensor	24	static
../Core/Src/main.c:139:6:vTask2_flash	24	static
../Core/Src/main.c:158:6:vTask3_alert	24	static
../Core/Src/main.c:172:6:vTask4_uart	32	static
../Core/Src/main.c:196:5:read_distance	24	static
../Core/Src/main.c:236:6:delay_us	16	static
../Core/Src/main.c:242:6:SystemClock_Config	88	static
../Core/Src/main.c:286:13:MX_SPI1_Init	8	static
../Core/Src/main.c:322:13:MX_TIM3_Init	32	static
../Core/Src/main.c:364:13:MX_USART2_UART_Init	8	static
../Core/Src/main.c:395:13:MX_GPIO_Init	40	static
../Core/Src/main.c:462:6:Error_Handler	4	static,ignoring_inline_asm
