../Core/Src/main.c:83:6:printmsg	24	static
../Core/Src/main.c:92:5:main	16	static
../Core/Src/main.c:139:6:vTask1_menu_display	24	static
../Core/Src/main.c:151:6:vTask2_cmd_handling	24	static
../Core/Src/main.c:174:6:vTask3_cmd_processing	32	static
../Core/Src/main.c:218:6:vTask4_uart_write	24	static
../Core/Src/main.c:228:6:USART2_IRQHandler	8	static
../Core/Src/main.c:234:6:HAL_UART_RxCpltCallback	32	static,ignoring_inline_asm
../Core/Src/main.c:257:9:getCommandCode	16	static
../Core/Src/main.c:262:6:getArguments	16	static
../Core/Src/main.c:267:6:make_led_on	8	static
../Core/Src/main.c:272:6:make_led_off	8	static
../Core/Src/main.c:277:6:led_toggle	16	static
../Core/Src/main.c:282:6:led_toggle_start	32	static
../Core/Src/main.c:296:6:led_toggle_stop	16	static
../Core/Src/main.c:301:6:read_led_status	24	static
../Core/Src/main.c:313:6:print_error_message	16	static
../Core/Src/main.c:318:6:rtos_delay	24	static
../Core/Src/main.c:327:13:prvSetupUart	16	static
../Core/Src/main.c:348:13:prvSetupHardware	8	static
../Core/Src/main.c:356:13:prvSetupGPIO	40	static
../Core/Src/main.c:380:6:SystemClock_Config	88	static
../Core/Src/main.c:422:6:Error_Handler	4	static,ignoring_inline_asm
