../Core/Src/main.c:83:6:printmsg	2
../Core/Src/main.c:92:5:main	3
../Core/Src/main.c:139:6:vTask1_menu_display	1
../Core/Src/main.c:151:6:vTask2_cmd_handling	1
../Core/Src/main.c:174:6:vTask3_cmd_processing	6
../Core/Src/main.c:218:6:vTask4_uart_write	1
../Core/Src/main.c:228:6:USART2_IRQHandler	1
../Core/Src/main.c:234:6:HAL_UART_RxCpltCallback	4
../Core/Src/main.c:257:9:getCommandCode	1
../Core/Src/main.c:262:6:getArguments	1
../Core/Src/main.c:267:6:make_led_on	1
../Core/Src/main.c:272:6:make_led_off	1
../Core/Src/main.c:277:6:led_toggle	1
../Core/Src/main.c:282:6:led_toggle_start	3
../Core/Src/main.c:296:6:led_toggle_stop	1
../Core/Src/main.c:301:6:read_led_status	2
../Core/Src/main.c:313:6:print_error_message	1
../Core/Src/main.c:318:6:rtos_delay	2
../Core/Src/main.c:327:13:prvSetupUart	1
../Core/Src/main.c:348:13:prvSetupHardware	1
../Core/Src/main.c:356:13:prvSetupGPIO	1
../Core/Src/main.c:380:6:SystemClock_Config	3
../Core/Src/main.c:422:6:Error_Handler	1
