2026-05-25 14:06:40,052 [INFO] Activator:176 - 


2026-05-25 14:06:40,093 [INFO] Activator:177 - !SESSION log4j initialized
2026-05-25 14:06:48,666 [INFO] LogOutputStream:77 - [STDOUT_REDIRECT] 
2026-05-25 14:07:02,954 [INFO] ApplicationProperties:184 - Using Application install path: C:\ST\STM32CubeIDE_1.19.0\STM32CubeIDE\plugins\com.st.stm32cube.common.mx_6.15.0.202507011659
2026-05-25 14:07:02,978 [INFO] DbMcusXml:78 - Set database path to: C:\ST\STM32CubeIDE_1.19.0\STM32CubeIDE\plugins\com.st.stm32cube.common.mx_6.15.0.202507011659\\db\/mcu/
2026-05-25 14:07:02,978 [INFO] ApiDb:274 - Set plugin database path to: C:\ST\STM32CubeIDE_1.19.0\STM32CubeIDE\plugins\com.st.stm32cube.common.mx_6.15.0.202507011659\\db\/plugins/boardmanager/
2026-05-25 14:07:02,979 [WARN] ApiDb:259 - Overriding images path with different value:  => C:\ST\STM32CubeIDE_1.19.0\STM32CubeIDE\plugins\com.st.stm32cube.common.mx_6.15.0.202507011659\\db\/plugins/mcufinder/images/
2026-05-25 14:07:02,995 [INFO] ApiDb:250 - Set database path to: C:\Users\jahna\.stmcufinder\plugins\mcufinder//mcu/
2026-05-25 14:07:02,998 [INFO] DbMcusAds:125 - Set database path to: C:\Users\jahna\.stmcufinder\plugins\mcufinder//mcu/
2026-05-25 14:07:03,009 [INFO] CrossReferenceDbSqlite:203 - Set database path to: C:\Users\jahna\.stmcufinder\plugins\mcufinder//mcu/cs/
2026-05-25 14:07:03,177 [INFO] RulesReader:64 - Compatibility file has been processed (317 Rules)
2026-05-25 14:07:03,302 [INFO] DbMcusXml:78 - Set database path to: C:\ST\STM32CubeIDE_1.19.0\STM32CubeIDE\plugins\com.st.stm32cube.common.mx_6.15.0.202507011659\\db\/mcu/
2026-05-25 14:07:03,302 [INFO] ApiDb:274 - Set plugin database path to: C:\ST\STM32CubeIDE_1.19.0\STM32CubeIDE\plugins\com.st.stm32cube.common.mx_6.15.0.202507011659\\db\/plugins/boardmanager/
2026-05-25 14:07:03,303 [INFO] ApiDb:261 - Set plugin images path to: C:\ST\STM32CubeIDE_1.19.0\STM32CubeIDE\plugins\com.st.stm32cube.common.mx_6.15.0.202507011659\\db\/plugins/mcufinder/images/
2026-05-25 14:07:03,303 [WARN] DbFile:41 - Overriding database path with different value: C:\Users\jahna\.stmcufinder\plugins\mcufinder/ => C:\Users\jahna\.stmcufinder\plugins\mcufinder
2026-05-25 14:07:03,303 [INFO] ApiDb:250 - Set database path to: C:\Users\jahna\.stmcufinder\plugins\mcufinder//mcu/
2026-05-25 14:07:03,303 [WARN] DbFile:41 - Overriding database path with different value: C:\Users\jahna\.stmcufinder\plugins\mcufinder/ => C:\Users\jahna\.stmcufinder\plugins\mcufinder
2026-05-25 14:07:03,303 [INFO] DbMcusAds:125 - Set database path to: C:\Users\jahna\.stmcufinder\plugins\mcufinder//mcu/
2026-05-25 14:07:03,303 [WARN] DbFile:41 - Overriding database path with different value: C:\Users\jahna\.stmcufinder\plugins\mcufinder/ => C:\Users\jahna\.stmcufinder\plugins\mcufinder
2026-05-25 14:07:03,303 [WARN] DbFile:41 - Overriding database path with different value: C:\Users\jahna\.stmcufinder\plugins\mcufinder/ => C:\Users\jahna\.stmcufinder\plugins\mcufinder
2026-05-25 14:07:03,304 [INFO] CrossReferenceDbSqlite:203 - Set database path to: C:\Users\jahna\.stmcufinder\plugins\mcufinder//mcu/cs/
2026-05-25 14:07:03,446 [INFO] MainPanel:274 - HeapMemory: 268435456
2026-05-25 14:07:03,674 [INFO] DbMcusXml:78 - Set database path to: C:\ST\STM32CubeIDE_1.19.0\STM32CubeIDE\plugins\com.st.stm32cube.common.mx_6.15.0.202507011659\\db\/mcu/
2026-05-25 14:07:03,675 [INFO] ApiDb:274 - Set plugin database path to: C:\ST\STM32CubeIDE_1.19.0\STM32CubeIDE\plugins\com.st.stm32cube.common.mx_6.15.0.202507011659\\db\/plugins/boardmanager/
2026-05-25 14:07:03,675 [INFO] ApiDb:261 - Set plugin images path to: C:\ST\STM32CubeIDE_1.19.0\STM32CubeIDE\plugins\com.st.stm32cube.common.mx_6.15.0.202507011659\\db\/plugins/mcufinder/images/
2026-05-25 14:07:03,675 [WARN] DbFile:41 - Overriding database path with different value: C:\Users\jahna\.stmcufinder\plugins\mcufinder/ => C:\Users\jahna\.stmcufinder\plugins\mcufinder
2026-05-25 14:07:03,676 [INFO] ApiDb:250 - Set database path to: C:\Users\jahna\.stmcufinder\plugins\mcufinder//mcu/
2026-05-25 14:07:03,676 [WARN] DbFile:41 - Overriding database path with different value: C:\Users\jahna\.stmcufinder\plugins\mcufinder/ => C:\Users\jahna\.stmcufinder\plugins\mcufinder
2026-05-25 14:07:03,676 [INFO] DbMcusAds:125 - Set database path to: C:\Users\jahna\.stmcufinder\plugins\mcufinder//mcu/
2026-05-25 14:07:03,676 [WARN] DbFile:41 - Overriding database path with different value: C:\Users\jahna\.stmcufinder\plugins\mcufinder/ => C:\Users\jahna\.stmcufinder\plugins\mcufinder
2026-05-25 14:07:03,676 [WARN] DbFile:41 - Overriding database path with different value: C:\Users\jahna\.stmcufinder\plugins\mcufinder/ => C:\Users\jahna\.stmcufinder\plugins\mcufinder
2026-05-25 14:07:03,676 [INFO] CrossReferenceDbSqlite:203 - Set database path to: C:\Users\jahna\.stmcufinder\plugins\mcufinder//mcu/cs/
2026-05-25 14:07:03,721 [INFO] ApplicationProperties:184 - Using Application install path: C:\ST\STM32CubeIDE_1.19.0\STM32CubeIDE\plugins\com.st.stm32cube.common.mx_6.15.0.202507011659
2026-05-25 14:07:03,724 [INFO] PluginManage:196 - Search for loadable plugins [exclusion list=, ]
2026-05-25 14:07:03,729 [INFO] PluginManage:310 - Check plugin analytics
2026-05-25 14:07:04,072 [INFO] AnalyticsPlugin:253 - Accepted Software Licenses: STM32CubeMX.6.17.0
2026-05-25 14:07:04,073 [INFO] AnalyticsPlugin:255 - Accepted CMSIS Pack Licenses: 
2026-05-25 14:07:04,073 [INFO] AnalyticsPlugin:257 - Accepted Firmware Licenses: FW.F4.1.28.0,FW.F4.1.28.3
2026-05-25 14:07:04,079 [INFO] PluginManage:359 - Loaded plugin analytics (category:tool,tabindex:-1)
2026-05-25 14:07:04,080 [INFO] PluginManage:310 - Check plugin cadmodel
2026-05-25 14:07:04,089 [INFO] CADModel:105 - Init CAD model plugin
2026-05-25 14:07:04,089 [INFO] PluginManage:359 - Loaded plugin cadmodel (category:power,tabindex:5)
2026-05-25 14:07:04,090 [INFO] PluginManage:310 - Check plugin clock
2026-05-25 14:07:04,106 [INFO] PluginManage:359 - Loaded plugin clock (category:base,tabindex:2)
2026-05-25 14:07:04,106 [INFO] PluginManage:310 - Check plugin ddr
2026-05-25 14:07:04,110 [INFO] PluginManage:359 - Loaded plugin ddr (category:tool,tabindex:6)
2026-05-25 14:07:04,111 [INFO] PluginManage:310 - Check plugin filemanager
2026-05-25 14:07:04,330 [INFO] PluginManage:359 - Loaded plugin filemanager (category:base,tabindex:10)
2026-05-25 14:07:04,330 [INFO] PluginManage:310 - Check plugin ipmanager
2026-05-25 14:07:04,342 [INFO] PluginManage:359 - Loaded plugin ipmanager (category:base,tabindex:5)
2026-05-25 14:07:04,343 [INFO] PluginManage:310 - Check plugin lpbam
2026-05-25 14:07:04,355 [INFO] PluginManage:359 - Loaded plugin lpbam (category:base,tabindex:0)
2026-05-25 14:07:04,355 [INFO] PluginManage:310 - Check plugin memorymap
2026-05-25 14:07:04,374 [INFO] PluginManage:359 - Loaded plugin memorymap (category:base,tabindex:4)
2026-05-25 14:07:04,374 [INFO] PluginManage:310 - Check plugin pinoutandconfiguration
2026-05-25 14:07:04,392 [INFO] PluginManage:359 - Loaded plugin pinoutandconfiguration (category:base,tabindex:1)
2026-05-25 14:07:04,392 [INFO] PluginManage:310 - Check plugin pinoutconfig
2026-05-25 14:07:04,532 [WARN] SupportedApi:132 - Cannot load RTOS API schema: s4s-elt-must-match.1: The content of 'definitions' must match (annotation?, (simpleType | complexType)?, (unique | key | keyref)*)). A problem was found starting at: attribute.
2026-05-25 14:07:04,754 [INFO] PluginManage:359 - Loaded plugin pinoutconfig (category:base,tabindex:0)
2026-05-25 14:07:04,754 [INFO] PluginManage:310 - Check plugin power
2026-05-25 14:07:04,771 [INFO] PluginManage:359 - Loaded plugin power (category:power,tabindex:4)
2026-05-25 14:07:04,771 [INFO] PluginManage:310 - Check plugin projectmanager
2026-05-25 14:07:04,798 [INFO] PluginManage:359 - Loaded plugin projectmanager (category:projectmanager,tabindex:4)
2026-05-25 14:07:04,798 [INFO] PluginManage:310 - Check plugin rif
2026-05-25 14:07:04,812 [INFO] PluginManage:359 - Loaded plugin rif (category:base,tabindex:3)
2026-05-25 14:07:04,812 [INFO] PluginManage:310 - Check plugin thirdparty
2026-05-25 14:07:05,025 [INFO] PluginManage:359 - Loaded plugin thirdparty (category:base,tabindex:-1)
2026-05-25 14:07:05,025 [WARN] IntegrityCheckThread:84 - waiting for thirdparty lock release [integrity check]
2026-05-25 14:07:05,040 [INFO] IntegrityCheckThread:86 - entering critical section [integrity check]
2026-05-25 14:07:05,040 [INFO] PluginManage:310 - Check plugin tools
2026-05-25 14:07:05,041 [INFO] ThirdPartyUpdaterWithRetryManager:70 - Updater plugin not ready yet. [1/15]
2026-05-25 14:07:05,044 [INFO] PluginManage:359 - Loaded plugin tools (category:base,tabindex:7)
2026-05-25 14:07:05,044 [INFO] PluginManage:310 - Check plugin tutovideos
2026-05-25 14:07:05,359 [INFO] PluginManage:359 - Loaded plugin tutovideos (category:base,tabindex:-1)
2026-05-25 14:07:05,360 [INFO] PluginManage:310 - Check plugin updater
2026-05-25 14:07:05,395 [INFO] PluginManage:359 - Loaded plugin updater (category:base,tabindex:12)
2026-05-25 14:07:05,395 [INFO] PluginManage:310 - Check plugin userauth
2026-05-25 14:07:05,401 [INFO] UserAuth:118 - Init User Auth plugin
2026-05-25 14:07:05,402 [INFO] PluginManage:359 - Loaded plugin userauth (category:base,tabindex:14)
2026-05-25 14:07:05,403 [INFO] PluginManage:283 - PluginManage : Loaded plugins [18]
2026-05-25 14:07:05,708 [INFO] PinOutPanel:1589 - setPackage(No Configuration,No Configuration)
2026-05-25 14:07:05,841 [INFO] CADModel:165 - CPN selected for project level
2026-05-25 14:07:05,841 [INFO] CADModel:114 - Register for checkConnection events
2026-05-25 14:07:05,872 [INFO] IPUIPlugin:80 - create IPUIPlugin
2026-05-25 14:07:05,872 [INFO] PluginManager:220 - loadIPPluginJar : add adc
2026-05-25 14:07:05,877 [INFO] IPUIPlugin:80 - create IPUIPlugin
2026-05-25 14:07:05,877 [INFO] PluginManager:220 - loadIPPluginJar : add aes
2026-05-25 14:07:05,882 [INFO] IPUIPlugin:80 - create IPUIPlugin
2026-05-25 14:07:05,882 [INFO] PluginManager:220 - loadIPPluginJar : add can
2026-05-25 14:07:05,885 [INFO] IPUIPlugin:80 - create IPUIPlugin
2026-05-25 14:07:05,886 [INFO] PluginManager:220 - loadIPPluginJar : add comp
2026-05-25 14:07:05,891 [INFO] IPUIPlugin:80 - create IPUIPlugin
2026-05-25 14:07:05,891 [INFO] PluginManager:220 - loadIPPluginJar : add cryp
2026-05-25 14:07:05,896 [INFO] IPUIPlugin:80 - create IPUIPlugin
2026-05-25 14:07:05,896 [INFO] PluginManager:220 - loadIPPluginJar : add ddr_ctrl_phy
2026-05-25 14:07:05,901 [INFO] IPUIPlugin:80 - create IPUIPlugin
2026-05-25 14:07:05,901 [INFO] PluginManager:220 - loadIPPluginJar : add dfsdm
2026-05-25 14:07:05,909 [INFO] IPUIPlugin:80 - create IPUIPlugin
2026-05-25 14:07:05,910 [INFO] PluginManager:220 - loadIPPluginJar : add dma
2026-05-25 14:07:05,915 [INFO] IPUIPlugin:80 - create IPUIPlugin
2026-05-25 14:07:05,915 [INFO] PluginManager:220 - loadIPPluginJar : add dma3
2026-05-25 14:07:05,919 [INFO] IPUIPlugin:80 - create IPUIPlugin
2026-05-25 14:07:05,919 [INFO] PluginManager:220 - loadIPPluginJar : add extmemmanager
2026-05-25 14:07:05,922 [INFO] IPUIPlugin:80 - create IPUIPlugin
2026-05-25 14:07:05,922 [INFO] PluginManager:220 - loadIPPluginJar : add fatfs
2026-05-25 14:07:05,928 [INFO] IPUIPlugin:80 - create IPUIPlugin
2026-05-25 14:07:05,929 [INFO] PluginManager:220 - loadIPPluginJar : add fmc
2026-05-25 14:07:05,938 [INFO] IPUIPlugin:80 - create IPUIPlugin
2026-05-25 14:07:05,938 [INFO] PluginManager:220 - loadIPPluginJar : add freertos
2026-05-25 14:07:05,942 [INFO] IPUIPlugin:80 - create IPUIPlugin
2026-05-25 14:07:05,942 [INFO] PluginManager:220 - loadIPPluginJar : add genericplugin
2026-05-25 14:07:05,947 [INFO] IPUIPlugin:80 - create IPUIPlugin
2026-05-25 14:07:05,947 [INFO] PluginManager:220 - loadIPPluginJar : add gfxmmu
2026-05-25 14:07:05,956 [INFO] IPUIPlugin:80 - create IPUIPlugin
2026-05-25 14:07:05,957 [INFO] PluginManager:220 - loadIPPluginJar : add gic
2026-05-25 14:07:05,963 [INFO] IPUIPlugin:80 - create IPUIPlugin
2026-05-25 14:07:05,964 [INFO] PluginManager:220 - loadIPPluginJar : add gpio
2026-05-25 14:07:05,969 [INFO] IPUIPlugin:80 - create IPUIPlugin
2026-05-25 14:07:05,969 [INFO] PluginManager:220 - loadIPPluginJar : add gtzc
2026-05-25 14:07:05,974 [INFO] IPUIPlugin:80 - create IPUIPlugin
2026-05-25 14:07:05,975 [INFO] PluginManager:220 - loadIPPluginJar : add hash
2026-05-25 14:07:05,980 [INFO] IPUIPlugin:80 - create IPUIPlugin
2026-05-25 14:07:05,980 [INFO] PluginManager:220 - loadIPPluginJar : add i2c
2026-05-25 14:07:05,984 [INFO] IPUIPlugin:80 - create IPUIPlugin
2026-05-25 14:07:05,984 [INFO] PluginManager:220 - loadIPPluginJar : add i2s
2026-05-25 14:07:05,988 [INFO] IPUIPlugin:80 - create IPUIPlugin
2026-05-25 14:07:05,988 [INFO] PluginManager:220 - loadIPPluginJar : add i3c
2026-05-25 14:07:05,994 [INFO] IPUIPlugin:80 - create IPUIPlugin
2026-05-25 14:07:05,994 [INFO] PluginManager:220 - loadIPPluginJar : add ipddr
2026-05-25 14:07:06,005 [INFO] IPUIPlugin:80 - create IPUIPlugin
2026-05-25 14:07:06,005 [INFO] PluginManager:220 - loadIPPluginJar : add linkedlist
2026-05-25 14:07:06,010 [INFO] IPUIPlugin:80 - create IPUIPlugin
2026-05-25 14:07:06,010 [INFO] PluginManager:220 - loadIPPluginJar : add lorawan
2026-05-25 14:07:06,013 [INFO] IPUIPlugin:80 - create IPUIPlugin
2026-05-25 14:07:06,014 [INFO] PluginManager:220 - loadIPPluginJar : add ltdc
2026-05-25 14:07:06,024 [INFO] IPUIPlugin:80 - create IPUIPlugin
2026-05-25 14:07:06,024 [INFO] PluginManager:220 - loadIPPluginJar : add mdma
2026-05-25 14:07:06,030 [INFO] IPUIPlugin:80 - create IPUIPlugin
2026-05-25 14:07:06,030 [INFO] PluginManager:220 - loadIPPluginJar : add nvic
2026-05-25 14:07:06,035 [INFO] IPUIPlugin:80 - create IPUIPlugin
2026-05-25 14:07:06,035 [INFO] PluginManager:220 - loadIPPluginJar : add opamp
2026-05-25 14:07:06,040 [INFO] IPUIPlugin:80 - create IPUIPlugin
2026-05-25 14:07:06,040 [INFO] PluginManager:220 - loadIPPluginJar : add openamp
2026-05-25 14:07:06,046 [INFO] IPUIPlugin:80 - create IPUIPlugin
2026-05-25 14:07:06,046 [INFO] PluginManager:220 - loadIPPluginJar : add pdm2pcm
2026-05-25 14:07:06,053 [INFO] IPUIPlugin:80 - create IPUIPlugin
2026-05-25 14:07:06,056 [INFO] PluginManager:220 - loadIPPluginJar : add plateformsettings
2026-05-25 14:07:06,059 [INFO] IPUIPlugin:80 - create IPUIPlugin
2026-05-25 14:07:06,059 [INFO] PluginManager:220 - loadIPPluginJar : add quadspi
2026-05-25 14:07:06,062 [INFO] IPUIPlugin:80 - create IPUIPlugin
2026-05-25 14:07:06,063 [INFO] PluginManager:220 - loadIPPluginJar : add radio
2026-05-25 14:07:06,068 [INFO] IPUIPlugin:80 - create IPUIPlugin
2026-05-25 14:07:06,068 [INFO] PluginManager:220 - loadIPPluginJar : add resmgrutility
2026-05-25 14:07:06,073 [INFO] IPUIPlugin:80 - create IPUIPlugin
2026-05-25 14:07:06,073 [INFO] PluginManager:220 - loadIPPluginJar : add sai
2026-05-25 14:07:06,077 [INFO] IPUIPlugin:80 - create IPUIPlugin
2026-05-25 14:07:06,077 [INFO] PluginManager:220 - loadIPPluginJar : add spi
2026-05-25 14:07:06,085 [INFO] IPUIPlugin:80 - create IPUIPlugin
2026-05-25 14:07:06,086 [INFO] PluginManager:220 - loadIPPluginJar : add stm32_wpan
2026-05-25 14:07:06,088 [INFO] IPUIPlugin:80 - create IPUIPlugin
2026-05-25 14:07:06,088 [INFO] PluginManager:220 - loadIPPluginJar : add tim
2026-05-25 14:07:06,093 [INFO] IPUIPlugin:80 - create IPUIPlugin
2026-05-25 14:07:06,093 [INFO] PluginManager:220 - loadIPPluginJar : add touchsensing
2026-05-25 14:07:06,096 [INFO] IPUIPlugin:80 - create IPUIPlugin
2026-05-25 14:07:06,097 [INFO] PluginManager:220 - loadIPPluginJar : add tracer_emb
2026-05-25 14:07:06,099 [INFO] IPUIPlugin:80 - create IPUIPlugin
2026-05-25 14:07:06,100 [INFO] PluginManager:220 - loadIPPluginJar : add ts
2026-05-25 14:07:06,102 [INFO] IPUIPlugin:80 - create IPUIPlugin
2026-05-25 14:07:06,102 [INFO] PluginManager:220 - loadIPPluginJar : add tsc
2026-05-25 14:07:06,105 [INFO] IPUIPlugin:80 - create IPUIPlugin
2026-05-25 14:07:06,105 [INFO] PluginManager:220 - loadIPPluginJar : add ucpd
2026-05-25 14:07:06,109 [INFO] IPUIPlugin:80 - create IPUIPlugin
2026-05-25 14:07:06,109 [INFO] PluginManager:220 - loadIPPluginJar : add usart
2026-05-25 14:07:06,115 [INFO] IPUIPlugin:80 - create IPUIPlugin
2026-05-25 14:07:06,115 [INFO] PluginManager:220 - loadIPPluginJar : add usbx
2026-05-25 14:07:06,271 [FATAL] Updater:351 - Updater called before beeing initialized
2026-05-25 14:07:06,312 [INFO] RulesReader:64 - Compatibility file has been processed (317 Rules)
2026-05-25 14:07:06,333 [INFO] RulesReader:64 - Compatibility file has been processed (317 Rules)
2026-05-25 14:07:06,343 [INFO] CADModel:165 - CPN selected for project level
2026-05-25 14:07:06,344 [INFO] CADModel:114 - Register for checkConnection events
2026-05-25 14:07:06,344 [FATAL] Updater:351 - Updater called before beeing initialized
2026-05-25 14:07:06,344 [ERROR] CADModel:125 - Updater not yet initialized, retry later 
2026-05-25 14:07:06,541 [FATAL] Updater:351 - Updater called before beeing initialized
2026-05-25 14:07:06,545 [INFO] CADModel:165 - CPN selected for project level
2026-05-25 14:07:06,545 [INFO] CADModel:114 - Register for checkConnection events
2026-05-25 14:07:06,545 [FATAL] Updater:351 - Updater called before beeing initialized
2026-05-25 14:07:06,545 [ERROR] CADModel:125 - Updater not yet initialized, retry later 
2026-05-25 14:07:06,551 [FATAL] Updater:351 - Updater called before beeing initialized
2026-05-25 14:07:06,767 [FATAL] Updater:351 - Updater called before beeing initialized
2026-05-25 14:07:06,772 [INFO] DbMcusAds:53 - JSON generation date=Mon Apr 27 13:44:29 IST 2026 (1777277669924)
2026-05-25 14:07:06,772 [FATAL] Updater:351 - Updater called before beeing initialized
2026-05-25 14:07:06,822 [WARN] DetailPanel:346 - Failed to get advertising image, set to default
2026-05-25 14:07:06,934 [FATAL] Updater:351 - Updater called before beeing initialized
2026-05-25 14:07:06,936 [FATAL] Updater:351 - Updater called before beeing initialized
2026-05-25 14:07:06,936 [FATAL] Updater:351 - Updater called before beeing initialized
2026-05-25 14:07:06,936 [WARN] DetailPanel:346 - Failed to get advertising image, set to default
2026-05-25 14:07:06,937 [FATAL] Updater:351 - Updater called before beeing initialized
2026-05-25 14:07:06,996 [ERROR] Updater:1198 - MainUpdater not yet initialized. External WinMGr cannot be set.
2026-05-25 14:07:06,998 [INFO] Updater:1134 - Updater Version found : 6.15.0
2026-05-25 14:07:07,016 [INFO] ApplicationProperties:184 - Using Application install path: C:\ST\STM32CubeIDE_1.19.0\STM32CubeIDE\plugins\com.st.stm32cube.common.mx_6.15.0.202507011659
2026-05-25 14:07:07,515 [INFO] MainUpdater:2872 - connection check result : 10
2026-05-25 14:07:07,516 [INFO] MainUpdater:3604 - Updater definition file requires update
2026-05-25 14:07:07,518 [INFO] MainUpdater:289 - Updater Check For Update Now.
2026-05-25 14:07:07,519 [INFO] MicroXplorer:498 - Change Database Version : DB.6.0.150
2026-05-25 14:07:07,534 [INFO] McuFinderGlobals:63 - Set McuFinder mode to 2 (CubeIDE integrated)
2026-05-25 14:07:07,534 [INFO] UserAuth:171 - activating auth plugin
2026-05-25 14:07:07,541 [INFO] UserAuth:487 - Internet connection configuration mode: 1
2026-05-25 14:07:07,596 [INFO] JxBrowserEngine:152 - Initiate JxBrowser Engine with user profile folder
2026-05-25 14:07:07,602 [INFO] ServerAccessManage:452 - Complete download http(s) 200
2026-05-25 14:07:07,603 [INFO] ServerAccessManage:509 - Download File updaters.zip
2026-05-25 14:07:07,761 [INFO] FileExtend:248 - Unzip File : updaters.zip
2026-05-25 14:07:07,761 [INFO] FileExtend:263 - Standard Zip Deflate
2026-05-25 14:07:08,042 [WARN] MainUpdater:1193 - Updater busy. Cannot search thirdparties
2026-05-25 14:07:08,042 [INFO] ThirdPartyUpdaterWithRetryManager:96 - Updater plugin is busy. [1/15]
2026-05-25 14:07:08,410 [INFO] ServerAccessManage:452 - Complete download http(s) 200
2026-05-25 14:07:08,410 [INFO] ServerAccessManage:509 - Download File PacksControlFlags.xml
2026-05-25 14:07:08,547 [INFO] ServerAccessManage:452 - Complete download http(s) 200
2026-05-25 14:07:08,548 [INFO] ServerAccessManage:509 - Download File cubemx.pidx
2026-05-25 14:07:09,755 [INFO] ServerAccessManage:452 - Complete download http(s) 200
2026-05-25 14:07:09,756 [INFO] ServerAccessManage:509 - Download File STMicroelectronics.X-CUBE-ALGOBUILD.pdsc
2026-05-25 14:07:11,043 [WARN] MainUpdater:1193 - Updater busy. Cannot search thirdparties
2026-05-25 14:07:11,046 [INFO] ThirdPartyUpdaterWithRetryManager:96 - Updater plugin is busy. [2/15]
2026-05-25 14:07:11,152 [INFO] WebApp:169 - Instantiating new browser for Auth
2026-05-25 14:07:11,592 [WARN] PackLoader:240 - Cannot read IP mode file for STMicroelectronics.X-CUBE-ALGOBUILD.1.5.0
2026-05-25 14:07:11,598 [INFO] PopulateThirdPartyThread:66 - Ending populate Thread
2026-05-25 14:07:11,600 [INFO] ThirdParty:1030 - CMSIS Pack Vendor :STMicroelectronics X-CUBE-ALGOBUILD 1.5.0
2026-05-25 14:07:11,600 [INFO] LoadServerUpdatesThread:375 - End of LoadServerUpdate Thread
2026-05-25 14:07:11,775 [INFO] CheckServerUpdateThread:120 - End of CheckServer Thread
2026-05-25 14:07:12,916 [INFO] WebApp:463 - Apply proxy settings
2026-05-25 14:07:12,916 [INFO] WebApp:548 - Chromium requires no authentication
2026-05-25 14:07:12,935 [INFO] WebApp:491 - Direct internet connection detected
2026-05-25 14:07:12,978 [INFO] WebApp:900 - Register for checkConnection events
2026-05-25 14:07:12,978 [INFO] WebApp:463 - Apply proxy settings
2026-05-25 14:07:12,979 [INFO] WebApp:548 - Chromium requires no authentication
2026-05-25 14:07:12,980 [INFO] WebApp:491 - Direct internet connection detected
2026-05-25 14:07:13,202 [INFO] WebApp:225 - Starting web application
2026-05-25 14:07:13,202 [INFO] WebApp:593 - Web application path used C:\ST\STM32CubeIDE_1.19.0\STM32CubeIDE\plugins\com.st.stm32cube.common.mx_6.15.0.202507011659\db\plugins\mcufinder\reactClient1\index.html
2026-05-25 14:07:13,532 [INFO] WebApp:191 - Connection restablished
2026-05-25 14:07:14,547 [WARN] PackLoader:240 - Cannot read IP mode file for STMicroelectronics.X-CUBE-AZRTOS-H7.3.5.0
2026-05-25 14:07:14,563 [WARN] PackLoader:240 - Cannot read IP mode file for STMicroelectronics.FP-ATR-ASTRA1.2.0.2
2026-05-25 14:07:14,573 [WARN] PackLoader:240 - Cannot read IP mode file for STMicroelectronics.X-CUBE-SMBUS.2.1.0
2026-05-25 14:07:14,605 [WARN] PackLoader:240 - Cannot read IP mode file for STMicroelectronics.X-CUBE-AZRTOS-F7.1.1.0
2026-05-25 14:07:14,620 [WARN] PackLoader:240 - Cannot read IP mode file for STMicroelectronics.FP-SNS-MOTENV1.5.1.0
2026-05-25 14:07:14,638 [WARN] PackLoader:240 - Cannot read IP mode file for WES.I-CUBE-Cesium.1.4.0
2026-05-25 14:07:14,652 [WARN] PackLoader:240 - Cannot read IP mode file for STMicroelectronics.X-CUBE-DISPLAY.3.0.0
2026-05-25 14:07:14,674 [WARN] PackLoader:240 - Cannot read IP mode file for STMicroelectronics.X-CUBE-GNSS1.7.1.1
2026-05-25 14:07:14,685 [WARN] PackLoader:240 - Cannot read IP mode file for STMicroelectronics.FP-SNS-MOTENVWB1.1.5.0
2026-05-25 14:07:14,695 [WARN] PackLoader:240 - Cannot read IP mode file for wolfSSL.I-CUBE-wolfSSL.5.9.1
2026-05-25 14:07:14,707 [WARN] PackLoader:240 - Cannot read IP mode file for STMicroelectronics.X-CUBE-NFC10.1.0.0
2026-05-25 14:07:14,723 [WARN] PackLoader:240 - Cannot read IP mode file for STMicroelectronics.X-CUBE-ST60.1.1.0
2026-05-25 14:07:14,738 [WARN] PackLoader:240 - Cannot read IP mode file for emotas.I-CUBE-CANOPEN.1.3.0
2026-05-25 14:07:14,748 [WARN] PackLoader:240 - Cannot read IP mode file for STMicroelectronics.X-CUBE-GNSS1.7.1.0
2026-05-25 14:07:14,763 [WARN] PackLoader:240 - Cannot read IP mode file for STMicroelectronics.FP-SNS-STBOX1.2.1.0
2026-05-25 14:07:14,773 [WARN] PackLoader:240 - Cannot read IP mode file for STMicroelectronics.FP-SNS-SMARTAG2.1.2.0
2026-05-25 14:07:14,783 [WARN] PackLoader:240 - Cannot read IP mode file for STMicroelectronics.FP-SNS-FLIGHT1.5.1.0
2026-05-25 14:07:14,798 [INFO] LogOutputStream:77 - [STDOUT_REDIRECT] 1 : Invalid condition id : UX_CORESTACK_Condition cause : null
2026-05-25 14:07:14,799 [INFO] LogOutputStream:77 - [STDOUT_REDIRECT] 1 : Invalid condition id : UX_CORESTACK_Condition cause : null
2026-05-25 14:07:14,800 [INFO] LogOutputStream:77 - [STDOUT_REDIRECT] 1 : Invalid condition id : UX_CORESTACK_Condition cause : null
2026-05-25 14:07:14,801 [INFO] LogOutputStream:77 - [STDOUT_REDIRECT] 1 : Invalid condition id : UX_CORESTACK_Condition cause : null
2026-05-25 14:07:14,803 [INFO] LogOutputStream:77 - [STDOUT_REDIRECT] 1 : Invalid condition id : UX_CORESTACK_Condition cause : null
2026-05-25 14:07:14,807 [WARN] PackLoader:240 - Cannot read IP mode file for STMicroelectronics.X-CUBE-AZRTOS-WL.2.0.0
2026-05-25 14:07:14,837 [WARN] PackLoader:240 - Cannot read IP mode file for STMicroelectronics.X-CUBE-AZRTOS-H7RS.1.2.0
2026-05-25 14:07:14,874 [WARN] PackLoader:240 - Cannot read IP mode file for STMicroelectronics.X-CUBE-BLE2.3.3.0
2026-05-25 14:07:14,943 [WARN] PackLoader:240 - Cannot read IP mode file for Infineon.AIROC-Wi-Fi-Bluetooth-STM32.1.8.0
2026-05-25 14:07:14,965 [WARN] PackLoader:240 - Cannot read IP mode file for STMicroelectronics.X-CUBE-NFC9.1.0.0
2026-05-25 14:07:14,981 [WARN] PackLoader:240 - Cannot read IP mode file for STMicroelectronics.X-CUBE-BLE1.7.1.0
2026-05-25 14:07:14,989 [WARN] PackLoader:240 - Cannot read IP mode file for wolfSSL.I-CUBE-wolfMQTT.1.19.2
2026-05-25 14:07:15,023 [WARN] PackLoader:240 - Cannot read IP mode file for STMicroelectronics.X-CUBE-EEPRMA1.5.2.0
2026-05-25 14:07:15,032 [WARN] PackLoader:240 - Cannot read IP mode file for wolfSSL.I-CUBE-wolfSSL.5.8.4
2026-05-25 14:07:15,040 [WARN] PackLoader:240 - Cannot read IP mode file for Cesanta.I-CUBE-Mongoose.7.20.0
2026-05-25 14:07:15,050 [WARN] PackLoader:240 - Cannot read IP mode file for STMicroelectronics.FP-SNS-STAIOTCFT.1.1.0
2026-05-25 14:07:15,105 [WARN] PackLoader:240 - Cannot read IP mode file for STMicroelectronics.X-CUBE-MEMS1.12.0.0
2026-05-25 14:07:15,221 [WARN] PackLoader:240 - Cannot read IP mode file for STMicroelectronics.X-CUBE-AZRTOS-G0.1.1.0
2026-05-25 14:07:15,233 [WARN] PackLoader:240 - Cannot read IP mode file for STMicroelectronics.X-CUBE-NFC4.3.0.0
2026-05-25 14:07:15,246 [WARN] PackLoader:240 - Cannot read IP mode file for EmbeddedOffice.I-CUBE-FS-RTOS.1.0.1
2026-05-25 14:07:15,255 [WARN] PackLoader:240 - Cannot read IP mode file for STMicroelectronics.X-CUBE-WB05N.2.0.0
2026-05-25 14:07:15,264 [WARN] PackLoader:240 - Cannot read IP mode file for wolfSSL.I-CUBE-wolfTPM.3.8.0
2026-05-25 14:07:15,272 [WARN] PackLoader:240 - Cannot read IP mode file for STMicroelectronics.X-CUBE-TCPP.4.2.0
2026-05-25 14:07:15,282 [WARN] PackLoader:240 - Cannot read IP mode file for RealThread.X-CUBE-RT-Thread_Nano.4.1.1
2026-05-25 14:07:15,288 [WARN] PackLoader:240 - Cannot read IP mode file for STMicroelectronics.FP-ATR-SIGFOX1.3.2.0
2026-05-25 14:07:15,298 [WARN] PackLoader:240 - Cannot read IP mode file for STMicroelectronics.X-CUBE-FREERTOS.1.5.0
2026-05-25 14:07:15,308 [WARN] PackLoader:240 - Cannot read IP mode file for ITTIA_DB.I-CUBE-ITTIADB.8.9.0
2026-05-25 14:07:15,315 [WARN] PackLoader:240 - Cannot read IP mode file for Cesanta.I-CUBE-Mongoose.7.21.6
2026-05-25 14:07:15,323 [WARN] PackLoader:240 - Cannot read IP mode file for STMicroelectronics.X-CUBE-NFC6.3.2.0
2026-05-25 14:07:15,334 [WARN] PackLoader:240 - Cannot read IP mode file for STMicroelectronics.X-CUBE-AI.10.2.0
2026-05-25 14:07:15,393 [WARN] PackLoader:240 - Cannot read IP mode file for STMicroelectronics.X-CUBE-MEMS1.12.1.0
2026-05-25 14:07:15,554 [WARN] PackLoader:240 - Cannot read IP mode file for SEGGER.I-CUBE-embOS.1.3.1
2026-05-25 14:07:15,612 [WARN] PackLoader:240 - Cannot read IP mode file for STMicroelectronics.X-CUBE-ALGOBUILD.1.4.0
2026-05-25 14:07:15,621 [WARN] PackLoader:240 - Cannot read IP mode file for STMicroelectronics.X-CUBE-PM33A1.1.0.0
2026-05-25 14:07:15,648 [WARN] PackLoader:240 - Cannot read IP mode file for STMicroelectronics.X-CUBE-AZRTOS-F4.1.1.0
2026-05-25 14:07:15,659 [WARN] PackLoader:240 - Cannot read IP mode file for STMicroelectronics.X-CUBE-ISPU.2.1.0
2026-05-25 14:07:15,681 [WARN] PackLoader:240 - Cannot read IP mode file for STMicroelectronics.X-CUBE-IPS.3.2.0
2026-05-25 14:07:15,700 [WARN] PackLoader:240 - Cannot read IP mode file for STMicroelectronics.eDS-WB_DPC_TT-BIDIR.2.1.1
2026-05-25 14:07:15,711 [WARN] PackLoader:240 - Cannot read IP mode file for STMicroelectronics.X-CUBE-NFC12.1.0.0
2026-05-25 14:07:15,739 [WARN] PackLoader:240 - Cannot read IP mode file for STMicroelectronics.X-CUBE-AZRTOS-L5.2.0.0
2026-05-25 14:07:15,750 [WARN] PackLoader:240 - Cannot read IP mode file for STMicroelectronics.X-CUBE-ALGOBUILD.1.5.0
2026-05-25 14:07:15,759 [WARN] PackLoader:240 - Cannot read IP mode file for STMicroelectronics.eDS-WB_DPC_VIENNA.1.2.0
2026-05-25 14:07:15,767 [WARN] PackLoader:240 - Cannot read IP mode file for STMicroelectronics.eDS-WB_DPC_3PH2L-BIDIR.1.1.1
2026-05-25 14:07:15,774 [ERROR] Engine:466 - C:\Users\jahna\.stm32cubemx\thirdparties\pdsc\STMicroelectronics.X-CUBE-ST67W61.1.3.0.pdsc: PDSC version is not supported
2026-05-25 14:07:15,783 [WARN] PackLoader:240 - Cannot read IP mode file for STMicroelectronics.X-CUBE-TOUCHGFX.4.26.1
2026-05-25 14:07:15,789 [WARN] PackLoader:240 - Cannot read IP mode file for STMicroelectronics.FP-SNS-STAIOTCFT.1.0.0
2026-05-25 14:07:15,800 [WARN] PackLoader:240 - Cannot read IP mode file for STMicroelectronics.X-CUBE-DPower.1.3.0
2026-05-25 14:07:15,836 [WARN] ConditionMgr:438 - getConditionDescription Invalid condition id : LAN8742 Phy interface Condition cause : null
2026-05-25 14:07:15,837 [WARN] PackLoader:240 - Cannot read IP mode file for STMicroelectronics.X-CUBE-AZRTOS-L4.2.0.0
2026-05-25 14:07:15,839 [WARN] ConditionMgr:1044 - genDependencies : Invalid condition id : LAN8742 Phy interface Condition cause : null
2026-05-25 14:07:15,839 [WARN] ConditionMgr:1044 - genDependencies : Invalid condition id : LAN8742 Phy interface Condition cause : null
2026-05-25 14:07:15,840 [WARN] ConditionMgr:1044 - genDependencies : Invalid condition id : LAN8742 Phy interface Condition cause : null
2026-05-25 14:07:15,854 [WARN] PackLoader:240 - Cannot read IP mode file for STMicroelectronics.X-CUBE-SFXS2LP1.4.0.0
2026-05-25 14:07:15,865 [WARN] PackLoader:240 - Cannot read IP mode file for STMicroelectronics.X-CUBE-WB05N.2.1.0
2026-05-25 14:07:15,880 [WARN] PackLoader:240 - Cannot read IP mode file for STMicroelectronics.X-CUBE-ST67W61.1.2.0
2026-05-25 14:07:15,897 [WARN] PackLoader:240 - Cannot read IP mode file for STMicroelectronics.X-CUBE-BLEMGR.4.1.0
2026-05-25 14:07:15,920 [WARN] ConditionMgr:438 - getConditionDescription Invalid condition id : UX DEVICE CLASS RTOS Condition cause : null
2026-05-25 14:07:15,920 [WARN] ConditionMgr:438 - getConditionDescription Invalid condition id : UX DEVICE CLASS RTOS Condition cause : null
2026-05-25 14:07:15,923 [WARN] PackLoader:240 - Cannot read IP mode file for STMicroelectronics.X-CUBE-AZRTOS-WB.2.0.0
2026-05-25 14:07:15,924 [WARN] ConditionMgr:1044 - genDependencies : Invalid condition id : UX DEVICE CLASS RTOS Condition cause : null
2026-05-25 14:07:15,925 [WARN] ConditionMgr:1044 - genDependencies : Invalid condition id : UX DEVICE CLASS RTOS Condition cause : null
2026-05-25 14:07:15,925 [WARN] ConditionMgr:1044 - genDependencies : Invalid condition id : UX DEVICE CLASS RTOS Condition cause : null
2026-05-25 14:07:15,926 [WARN] ConditionMgr:1044 - genDependencies : Invalid condition id : UX DEVICE CLASS RTOS Condition cause : null
2026-05-25 14:07:15,926 [WARN] ConditionMgr:1044 - genDependencies : Invalid condition id : UX DEVICE CLASS RTOS Condition cause : null
2026-05-25 14:07:15,935 [WARN] ConditionMgr:438 - getConditionDescription Invalid condition id : Cortex-A Device cause : null
2026-05-25 14:07:15,950 [WARN] ConditionMgr:1044 - genDependencies : Invalid condition id : Cortex-A Device cause : null
2026-05-25 14:07:15,950 [WARN] ConditionMgr:1044 - genDependencies : Invalid condition id : Cortex-A Device cause : null
2026-05-25 14:07:15,950 [WARN] ConditionMgr:1044 - genDependencies : Invalid condition id : Cortex-A Device cause : null
2026-05-25 14:07:15,964 [WARN] PackLoader:240 - Cannot read IP mode file for STMicroelectronics.X-CUBE-STSE01.2.0.0
2026-05-25 14:07:15,983 [WARN] PackLoader:240 - Cannot read IP mode file for STMicroelectronics.X-CUBE-SUBG2.5.0.0
2026-05-25 14:07:16,028 [WARN] PackLoader:240 - Cannot read IP mode file for STMicroelectronics.X-CUBE-AZRTOS-G4.2.0.0
2026-05-25 14:07:16,039 [WARN] PackLoader:240 - Cannot read IP mode file for wolfSSL.I-CUBE-wolfSSH.1.4.20
2026-05-25 14:07:16,050 [WARN] PackLoader:240 - Cannot read IP mode file for STMicroelectronics.X-CUBE-NFC7.2.0.0
2026-05-25 14:07:16,058 [WARN] PackLoader:240 - Cannot read IP mode file for STMicroelectronics.X-CUBE-ALS.1.0.2
2026-05-25 14:07:16,076 [WARN] PackLoader:240 - Cannot read IP mode file for STMicroelectronics.X-CUBE-TOF1.3.4.3
2026-05-25 14:07:16,089 [INFO] ThirdParty:978 - Integrity check success = true
2026-05-25 14:07:16,089 [INFO] IntegrityCheckThread:100 - exiting critical section [integrity check]
2026-05-25 14:07:16,089 [INFO] IntegrityCheckThread:103 - End integrity checks thread
2026-05-25 14:59:23,578 [INFO] WebApp:194 - Connection lost
2026-05-25 14:59:24,165 [INFO] WebApp:191 - Connection restablished
2026-05-25 15:59:23,740 [INFO] WebApp:194 - Connection lost
2026-05-25 15:59:25,270 [INFO] WebApp:191 - Connection restablished
2026-05-25 16:59:25,624 [INFO] WebApp:194 - Connection lost
2026-05-25 16:59:27,139 [INFO] WebApp:191 - Connection restablished
2026-05-25 17:14:50,613 [INFO] WebApp:194 - Connection lost
2026-05-25 17:14:51,099 [INFO] WebApp:191 - Connection restablished
2026-05-25 17:53:14,476 [ERROR] LogOutputStream:75 - [STDERR_REDIRECT] 
