2026-05-26 09:45:50,175 [INFO] Activator:176 - 


2026-05-26 09:45:50,198 [INFO] Activator:177 - !SESSION log4j initialized
2026-05-26 09:45:59,445 [INFO] LogOutputStream:77 - [STDOUT_REDIRECT] 
2026-05-26 09:46:14,572 [INFO] ApplicationProperties:184 - Using Application install path: C:\ST\STM32CubeIDE_1.19.0\STM32CubeIDE\plugins\com.st.stm32cube.common.mx_6.15.0.202507011659
2026-05-26 09:46:14,598 [INFO] DbMcusXml:78 - Set database path to: C:\ST\STM32CubeIDE_1.19.0\STM32CubeIDE\plugins\com.st.stm32cube.common.mx_6.15.0.202507011659\\db\/mcu/
2026-05-26 09:46:14,598 [INFO] ApiDb:274 - Set plugin database path to: C:\ST\STM32CubeIDE_1.19.0\STM32CubeIDE\plugins\com.st.stm32cube.common.mx_6.15.0.202507011659\\db\/plugins/boardmanager/
2026-05-26 09:46:14,601 [WARN] ApiDb:259 - Overriding images path with different value:  => C:\ST\STM32CubeIDE_1.19.0\STM32CubeIDE\plugins\com.st.stm32cube.common.mx_6.15.0.202507011659\\db\/plugins/mcufinder/images/
2026-05-26 09:46:14,615 [INFO] ApiDb:250 - Set database path to: C:\Users\jahna\.stmcufinder\plugins\mcufinder//mcu/
2026-05-26 09:46:14,617 [INFO] DbMcusAds:125 - Set database path to: C:\Users\jahna\.stmcufinder\plugins\mcufinder//mcu/
2026-05-26 09:46:14,625 [INFO] CrossReferenceDbSqlite:203 - Set database path to: C:\Users\jahna\.stmcufinder\plugins\mcufinder//mcu/cs/
2026-05-26 09:46:14,791 [INFO] RulesReader:64 - Compatibility file has been processed (317 Rules)
2026-05-26 09:46:14,957 [INFO] DbMcusXml:78 - Set database path to: C:\ST\STM32CubeIDE_1.19.0\STM32CubeIDE\plugins\com.st.stm32cube.common.mx_6.15.0.202507011659\\db\/mcu/
2026-05-26 09:46:14,958 [INFO] ApiDb:274 - Set plugin database path to: C:\ST\STM32CubeIDE_1.19.0\STM32CubeIDE\plugins\com.st.stm32cube.common.mx_6.15.0.202507011659\\db\/plugins/boardmanager/
2026-05-26 09:46:14,958 [INFO] ApiDb:261 - Set plugin images path to: C:\ST\STM32CubeIDE_1.19.0\STM32CubeIDE\plugins\com.st.stm32cube.common.mx_6.15.0.202507011659\\db\/plugins/mcufinder/images/
2026-05-26 09:46:14,958 [WARN] DbFile:41 - Overriding database path with different value: C:\Users\jahna\.stmcufinder\plugins\mcufinder/ => C:\Users\jahna\.stmcufinder\plugins\mcufinder
2026-05-26 09:46:14,958 [INFO] ApiDb:250 - Set database path to: C:\Users\jahna\.stmcufinder\plugins\mcufinder//mcu/
2026-05-26 09:46:14,959 [WARN] DbFile:41 - Overriding database path with different value: C:\Users\jahna\.stmcufinder\plugins\mcufinder/ => C:\Users\jahna\.stmcufinder\plugins\mcufinder
2026-05-26 09:46:14,959 [INFO] DbMcusAds:125 - Set database path to: C:\Users\jahna\.stmcufinder\plugins\mcufinder//mcu/
2026-05-26 09:46:14,959 [WARN] DbFile:41 - Overriding database path with different value: C:\Users\jahna\.stmcufinder\plugins\mcufinder/ => C:\Users\jahna\.stmcufinder\plugins\mcufinder
2026-05-26 09:46:14,959 [WARN] DbFile:41 - Overriding database path with different value: C:\Users\jahna\.stmcufinder\plugins\mcufinder/ => C:\Users\jahna\.stmcufinder\plugins\mcufinder
2026-05-26 09:46:14,959 [INFO] CrossReferenceDbSqlite:203 - Set database path to: C:\Users\jahna\.stmcufinder\plugins\mcufinder//mcu/cs/
2026-05-26 09:46:15,077 [INFO] MainPanel:274 - HeapMemory: 268435456
2026-05-26 09:46:15,269 [INFO] DbMcusXml:78 - Set database path to: C:\ST\STM32CubeIDE_1.19.0\STM32CubeIDE\plugins\com.st.stm32cube.common.mx_6.15.0.202507011659\\db\/mcu/
2026-05-26 09:46:15,270 [INFO] ApiDb:274 - Set plugin database path to: C:\ST\STM32CubeIDE_1.19.0\STM32CubeIDE\plugins\com.st.stm32cube.common.mx_6.15.0.202507011659\\db\/plugins/boardmanager/
2026-05-26 09:46:15,270 [INFO] ApiDb:261 - Set plugin images path to: C:\ST\STM32CubeIDE_1.19.0\STM32CubeIDE\plugins\com.st.stm32cube.common.mx_6.15.0.202507011659\\db\/plugins/mcufinder/images/
2026-05-26 09:46:15,270 [WARN] DbFile:41 - Overriding database path with different value: C:\Users\jahna\.stmcufinder\plugins\mcufinder/ => C:\Users\jahna\.stmcufinder\plugins\mcufinder
2026-05-26 09:46:15,271 [INFO] ApiDb:250 - Set database path to: C:\Users\jahna\.stmcufinder\plugins\mcufinder//mcu/
2026-05-26 09:46:15,271 [WARN] DbFile:41 - Overriding database path with different value: C:\Users\jahna\.stmcufinder\plugins\mcufinder/ => C:\Users\jahna\.stmcufinder\plugins\mcufinder
2026-05-26 09:46:15,271 [INFO] DbMcusAds:125 - Set database path to: C:\Users\jahna\.stmcufinder\plugins\mcufinder//mcu/
2026-05-26 09:46:15,271 [WARN] DbFile:41 - Overriding database path with different value: C:\Users\jahna\.stmcufinder\plugins\mcufinder/ => C:\Users\jahna\.stmcufinder\plugins\mcufinder
2026-05-26 09:46:15,271 [WARN] DbFile:41 - Overriding database path with different value: C:\Users\jahna\.stmcufinder\plugins\mcufinder/ => C:\Users\jahna\.stmcufinder\plugins\mcufinder
2026-05-26 09:46:15,271 [INFO] CrossReferenceDbSqlite:203 - Set database path to: C:\Users\jahna\.stmcufinder\plugins\mcufinder//mcu/cs/
2026-05-26 09:46:15,308 [INFO] ApplicationProperties:184 - Using Application install path: C:\ST\STM32CubeIDE_1.19.0\STM32CubeIDE\plugins\com.st.stm32cube.common.mx_6.15.0.202507011659
2026-05-26 09:46:15,310 [INFO] PluginManage:196 - Search for loadable plugins [exclusion list=, ]
2026-05-26 09:46:15,313 [INFO] PluginManage:310 - Check plugin analytics
2026-05-26 09:46:15,689 [INFO] AnalyticsPlugin:253 - Accepted Software Licenses: STM32CubeMX.6.17.0
2026-05-26 09:46:15,690 [INFO] AnalyticsPlugin:255 - Accepted CMSIS Pack Licenses: 
2026-05-26 09:46:15,690 [INFO] AnalyticsPlugin:257 - Accepted Firmware Licenses: FW.F4.1.28.0,FW.F4.1.28.3
2026-05-26 09:46:15,695 [INFO] PluginManage:359 - Loaded plugin analytics (category:tool,tabindex:-1)
2026-05-26 09:46:15,696 [INFO] PluginManage:310 - Check plugin cadmodel
2026-05-26 09:46:15,707 [INFO] CADModel:105 - Init CAD model plugin
2026-05-26 09:46:15,707 [INFO] PluginManage:359 - Loaded plugin cadmodel (category:power,tabindex:5)
2026-05-26 09:46:15,708 [INFO] PluginManage:310 - Check plugin clock
2026-05-26 09:46:15,726 [INFO] PluginManage:359 - Loaded plugin clock (category:base,tabindex:2)
2026-05-26 09:46:15,726 [INFO] PluginManage:310 - Check plugin ddr
2026-05-26 09:46:15,731 [INFO] PluginManage:359 - Loaded plugin ddr (category:tool,tabindex:6)
2026-05-26 09:46:15,731 [INFO] PluginManage:310 - Check plugin filemanager
2026-05-26 09:46:15,971 [INFO] PluginManage:359 - Loaded plugin filemanager (category:base,tabindex:10)
2026-05-26 09:46:15,971 [INFO] PluginManage:310 - Check plugin ipmanager
2026-05-26 09:46:15,983 [INFO] PluginManage:359 - Loaded plugin ipmanager (category:base,tabindex:5)
2026-05-26 09:46:15,983 [INFO] PluginManage:310 - Check plugin lpbam
2026-05-26 09:46:15,998 [INFO] PluginManage:359 - Loaded plugin lpbam (category:base,tabindex:0)
2026-05-26 09:46:15,998 [INFO] PluginManage:310 - Check plugin memorymap
2026-05-26 09:46:16,026 [INFO] PluginManage:359 - Loaded plugin memorymap (category:base,tabindex:4)
2026-05-26 09:46:16,026 [INFO] PluginManage:310 - Check plugin pinoutandconfiguration
2026-05-26 09:46:16,043 [INFO] PluginManage:359 - Loaded plugin pinoutandconfiguration (category:base,tabindex:1)
2026-05-26 09:46:16,044 [INFO] PluginManage:310 - Check plugin pinoutconfig
2026-05-26 09:46:16,217 [WARN] SupportedApi:132 - Cannot load RTOS API schema: s4s-elt-must-match.1: The content of 'definitions' must match (annotation?, (simpleType | complexType)?, (unique | key | keyref)*)). A problem was found starting at: attribute.
2026-05-26 09:46:16,428 [INFO] PluginManage:359 - Loaded plugin pinoutconfig (category:base,tabindex:0)
2026-05-26 09:46:16,429 [INFO] PluginManage:310 - Check plugin power
2026-05-26 09:46:16,447 [INFO] PluginManage:359 - Loaded plugin power (category:power,tabindex:4)
2026-05-26 09:46:16,448 [INFO] PluginManage:310 - Check plugin projectmanager
2026-05-26 09:46:16,475 [INFO] PluginManage:359 - Loaded plugin projectmanager (category:projectmanager,tabindex:4)
2026-05-26 09:46:16,475 [INFO] PluginManage:310 - Check plugin rif
2026-05-26 09:46:16,490 [INFO] PluginManage:359 - Loaded plugin rif (category:base,tabindex:3)
2026-05-26 09:46:16,490 [INFO] PluginManage:310 - Check plugin thirdparty
2026-05-26 09:46:16,698 [INFO] PluginManage:359 - Loaded plugin thirdparty (category:base,tabindex:-1)
2026-05-26 09:46:16,698 [WARN] IntegrityCheckThread:84 - waiting for thirdparty lock release [integrity check]
2026-05-26 09:46:16,698 [INFO] PluginManage:310 - Check plugin tools
2026-05-26 09:46:16,698 [INFO] IntegrityCheckThread:86 - entering critical section [integrity check]
2026-05-26 09:46:16,699 [INFO] ThirdPartyUpdaterWithRetryManager:70 - Updater plugin not ready yet. [1/15]
2026-05-26 09:46:16,702 [INFO] PluginManage:359 - Loaded plugin tools (category:base,tabindex:7)
2026-05-26 09:46:16,702 [INFO] PluginManage:310 - Check plugin tutovideos
2026-05-26 09:46:16,985 [INFO] PluginManage:359 - Loaded plugin tutovideos (category:base,tabindex:-1)
2026-05-26 09:46:16,985 [INFO] PluginManage:310 - Check plugin updater
2026-05-26 09:46:17,016 [INFO] PluginManage:359 - Loaded plugin updater (category:base,tabindex:12)
2026-05-26 09:46:17,016 [INFO] PluginManage:310 - Check plugin userauth
2026-05-26 09:46:17,022 [INFO] UserAuth:118 - Init User Auth plugin
2026-05-26 09:46:17,023 [INFO] PluginManage:359 - Loaded plugin userauth (category:base,tabindex:14)
2026-05-26 09:46:17,024 [INFO] PluginManage:283 - PluginManage : Loaded plugins [18]
2026-05-26 09:46:17,306 [INFO] PinOutPanel:1589 - setPackage(No Configuration,No Configuration)
2026-05-26 09:46:17,449 [INFO] CADModel:165 - CPN selected for project level
2026-05-26 09:46:17,450 [INFO] CADModel:114 - Register for checkConnection events
2026-05-26 09:46:17,482 [INFO] IPUIPlugin:80 - create IPUIPlugin
2026-05-26 09:46:17,482 [INFO] PluginManager:220 - loadIPPluginJar : add adc
2026-05-26 09:46:17,489 [INFO] IPUIPlugin:80 - create IPUIPlugin
2026-05-26 09:46:17,490 [INFO] PluginManager:220 - loadIPPluginJar : add aes
2026-05-26 09:46:17,495 [INFO] IPUIPlugin:80 - create IPUIPlugin
2026-05-26 09:46:17,495 [INFO] PluginManager:220 - loadIPPluginJar : add can
2026-05-26 09:46:17,498 [INFO] IPUIPlugin:80 - create IPUIPlugin
2026-05-26 09:46:17,498 [INFO] PluginManager:220 - loadIPPluginJar : add comp
2026-05-26 09:46:17,504 [INFO] IPUIPlugin:80 - create IPUIPlugin
2026-05-26 09:46:17,504 [INFO] PluginManager:220 - loadIPPluginJar : add cryp
2026-05-26 09:46:17,511 [INFO] IPUIPlugin:80 - create IPUIPlugin
2026-05-26 09:46:17,512 [INFO] PluginManager:220 - loadIPPluginJar : add ddr_ctrl_phy
2026-05-26 09:46:17,518 [INFO] IPUIPlugin:80 - create IPUIPlugin
2026-05-26 09:46:17,518 [INFO] PluginManager:220 - loadIPPluginJar : add dfsdm
2026-05-26 09:46:17,528 [INFO] IPUIPlugin:80 - create IPUIPlugin
2026-05-26 09:46:17,529 [INFO] PluginManager:220 - loadIPPluginJar : add dma
2026-05-26 09:46:17,534 [INFO] IPUIPlugin:80 - create IPUIPlugin
2026-05-26 09:46:17,535 [INFO] PluginManager:220 - loadIPPluginJar : add dma3
2026-05-26 09:46:17,540 [INFO] IPUIPlugin:80 - create IPUIPlugin
2026-05-26 09:46:17,540 [INFO] PluginManager:220 - loadIPPluginJar : add extmemmanager
2026-05-26 09:46:17,543 [INFO] IPUIPlugin:80 - create IPUIPlugin
2026-05-26 09:46:17,543 [INFO] PluginManager:220 - loadIPPluginJar : add fatfs
2026-05-26 09:46:17,552 [INFO] IPUIPlugin:80 - create IPUIPlugin
2026-05-26 09:46:17,552 [INFO] PluginManager:220 - loadIPPluginJar : add fmc
2026-05-26 09:46:17,565 [INFO] IPUIPlugin:80 - create IPUIPlugin
2026-05-26 09:46:17,565 [INFO] PluginManager:220 - loadIPPluginJar : add freertos
2026-05-26 09:46:17,569 [INFO] IPUIPlugin:80 - create IPUIPlugin
2026-05-26 09:46:17,569 [INFO] PluginManager:220 - loadIPPluginJar : add genericplugin
2026-05-26 09:46:17,574 [INFO] IPUIPlugin:80 - create IPUIPlugin
2026-05-26 09:46:17,574 [INFO] PluginManager:220 - loadIPPluginJar : add gfxmmu
2026-05-26 09:46:17,582 [INFO] IPUIPlugin:80 - create IPUIPlugin
2026-05-26 09:46:17,582 [INFO] PluginManager:220 - loadIPPluginJar : add gic
2026-05-26 09:46:17,591 [INFO] IPUIPlugin:80 - create IPUIPlugin
2026-05-26 09:46:17,591 [INFO] PluginManager:220 - loadIPPluginJar : add gpio
2026-05-26 09:46:17,597 [INFO] IPUIPlugin:80 - create IPUIPlugin
2026-05-26 09:46:17,598 [INFO] PluginManager:220 - loadIPPluginJar : add gtzc
2026-05-26 09:46:17,603 [INFO] IPUIPlugin:80 - create IPUIPlugin
2026-05-26 09:46:17,604 [INFO] PluginManager:220 - loadIPPluginJar : add hash
2026-05-26 09:46:17,609 [INFO] IPUIPlugin:80 - create IPUIPlugin
2026-05-26 09:46:17,610 [INFO] PluginManager:220 - loadIPPluginJar : add i2c
2026-05-26 09:46:17,615 [INFO] IPUIPlugin:80 - create IPUIPlugin
2026-05-26 09:46:17,616 [INFO] PluginManager:220 - loadIPPluginJar : add i2s
2026-05-26 09:46:17,621 [INFO] IPUIPlugin:80 - create IPUIPlugin
2026-05-26 09:46:17,622 [INFO] PluginManager:220 - loadIPPluginJar : add i3c
2026-05-26 09:46:17,627 [INFO] IPUIPlugin:80 - create IPUIPlugin
2026-05-26 09:46:17,628 [INFO] PluginManager:220 - loadIPPluginJar : add ipddr
2026-05-26 09:46:17,638 [INFO] IPUIPlugin:80 - create IPUIPlugin
2026-05-26 09:46:17,638 [INFO] PluginManager:220 - loadIPPluginJar : add linkedlist
2026-05-26 09:46:17,645 [INFO] IPUIPlugin:80 - create IPUIPlugin
2026-05-26 09:46:17,645 [INFO] PluginManager:220 - loadIPPluginJar : add lorawan
2026-05-26 09:46:17,649 [INFO] IPUIPlugin:80 - create IPUIPlugin
2026-05-26 09:46:17,649 [INFO] PluginManager:220 - loadIPPluginJar : add ltdc
2026-05-26 09:46:17,661 [INFO] IPUIPlugin:80 - create IPUIPlugin
2026-05-26 09:46:17,661 [INFO] PluginManager:220 - loadIPPluginJar : add mdma
2026-05-26 09:46:17,667 [INFO] IPUIPlugin:80 - create IPUIPlugin
2026-05-26 09:46:17,667 [INFO] PluginManager:220 - loadIPPluginJar : add nvic
2026-05-26 09:46:17,674 [INFO] IPUIPlugin:80 - create IPUIPlugin
2026-05-26 09:46:17,674 [INFO] PluginManager:220 - loadIPPluginJar : add opamp
2026-05-26 09:46:17,680 [INFO] IPUIPlugin:80 - create IPUIPlugin
2026-05-26 09:46:17,681 [INFO] PluginManager:220 - loadIPPluginJar : add openamp
2026-05-26 09:46:17,687 [INFO] IPUIPlugin:80 - create IPUIPlugin
2026-05-26 09:46:17,687 [INFO] PluginManager:220 - loadIPPluginJar : add pdm2pcm
2026-05-26 09:46:17,696 [INFO] IPUIPlugin:80 - create IPUIPlugin
2026-05-26 09:46:17,700 [INFO] PluginManager:220 - loadIPPluginJar : add plateformsettings
2026-05-26 09:46:17,704 [INFO] IPUIPlugin:80 - create IPUIPlugin
2026-05-26 09:46:17,705 [INFO] PluginManager:220 - loadIPPluginJar : add quadspi
2026-05-26 09:46:17,709 [INFO] IPUIPlugin:80 - create IPUIPlugin
2026-05-26 09:46:17,710 [INFO] PluginManager:220 - loadIPPluginJar : add radio
2026-05-26 09:46:17,718 [INFO] IPUIPlugin:80 - create IPUIPlugin
2026-05-26 09:46:17,719 [INFO] PluginManager:220 - loadIPPluginJar : add resmgrutility
2026-05-26 09:46:17,726 [INFO] IPUIPlugin:80 - create IPUIPlugin
2026-05-26 09:46:17,726 [INFO] PluginManager:220 - loadIPPluginJar : add sai
2026-05-26 09:46:17,732 [INFO] IPUIPlugin:80 - create IPUIPlugin
2026-05-26 09:46:17,732 [INFO] PluginManager:220 - loadIPPluginJar : add spi
2026-05-26 09:46:17,744 [INFO] IPUIPlugin:80 - create IPUIPlugin
2026-05-26 09:46:17,744 [INFO] PluginManager:220 - loadIPPluginJar : add stm32_wpan
2026-05-26 09:46:17,747 [INFO] IPUIPlugin:80 - create IPUIPlugin
2026-05-26 09:46:17,747 [INFO] PluginManager:220 - loadIPPluginJar : add tim
2026-05-26 09:46:17,754 [INFO] IPUIPlugin:80 - create IPUIPlugin
2026-05-26 09:46:17,754 [INFO] PluginManager:220 - loadIPPluginJar : add touchsensing
2026-05-26 09:46:17,758 [INFO] IPUIPlugin:80 - create IPUIPlugin
2026-05-26 09:46:17,758 [INFO] PluginManager:220 - loadIPPluginJar : add tracer_emb
2026-05-26 09:46:17,762 [INFO] IPUIPlugin:80 - create IPUIPlugin
2026-05-26 09:46:17,762 [INFO] PluginManager:220 - loadIPPluginJar : add ts
2026-05-26 09:46:17,765 [INFO] IPUIPlugin:80 - create IPUIPlugin
2026-05-26 09:46:17,765 [INFO] PluginManager:220 - loadIPPluginJar : add tsc
2026-05-26 09:46:17,770 [INFO] IPUIPlugin:80 - create IPUIPlugin
2026-05-26 09:46:17,770 [INFO] PluginManager:220 - loadIPPluginJar : add ucpd
2026-05-26 09:46:17,775 [INFO] IPUIPlugin:80 - create IPUIPlugin
2026-05-26 09:46:17,775 [INFO] PluginManager:220 - loadIPPluginJar : add usart
2026-05-26 09:46:17,784 [INFO] IPUIPlugin:80 - create IPUIPlugin
2026-05-26 09:46:17,784 [INFO] PluginManager:220 - loadIPPluginJar : add usbx
2026-05-26 09:46:17,948 [FATAL] Updater:351 - Updater called before beeing initialized
2026-05-26 09:46:17,985 [INFO] RulesReader:64 - Compatibility file has been processed (317 Rules)
2026-05-26 09:46:17,999 [INFO] RulesReader:64 - Compatibility file has been processed (317 Rules)
2026-05-26 09:46:18,010 [INFO] CADModel:165 - CPN selected for project level
2026-05-26 09:46:18,011 [INFO] CADModel:114 - Register for checkConnection events
2026-05-26 09:46:18,011 [FATAL] Updater:351 - Updater called before beeing initialized
2026-05-26 09:46:18,011 [ERROR] CADModel:125 - Updater not yet initialized, retry later 
2026-05-26 09:46:18,291 [FATAL] Updater:351 - Updater called before beeing initialized
2026-05-26 09:46:18,297 [INFO] CADModel:165 - CPN selected for project level
2026-05-26 09:46:18,297 [INFO] CADModel:114 - Register for checkConnection events
2026-05-26 09:46:18,298 [FATAL] Updater:351 - Updater called before beeing initialized
2026-05-26 09:46:18,298 [ERROR] CADModel:125 - Updater not yet initialized, retry later 
2026-05-26 09:46:18,303 [FATAL] Updater:351 - Updater called before beeing initialized
2026-05-26 09:46:18,522 [FATAL] Updater:351 - Updater called before beeing initialized
2026-05-26 09:46:18,527 [INFO] DbMcusAds:53 - JSON generation date=Mon Apr 27 13:44:29 IST 2026 (1777277669924)
2026-05-26 09:46:18,527 [FATAL] Updater:351 - Updater called before beeing initialized
2026-05-26 09:46:18,581 [WARN] DetailPanel:346 - Failed to get advertising image, set to default
2026-05-26 09:46:18,730 [FATAL] Updater:351 - Updater called before beeing initialized
2026-05-26 09:46:18,732 [FATAL] Updater:351 - Updater called before beeing initialized
2026-05-26 09:46:18,732 [FATAL] Updater:351 - Updater called before beeing initialized
2026-05-26 09:46:18,732 [WARN] DetailPanel:346 - Failed to get advertising image, set to default
2026-05-26 09:46:18,733 [FATAL] Updater:351 - Updater called before beeing initialized
2026-05-26 09:46:18,788 [ERROR] Updater:1198 - MainUpdater not yet initialized. External WinMGr cannot be set.
2026-05-26 09:46:18,790 [INFO] Updater:1134 - Updater Version found : 6.15.0
2026-05-26 09:46:18,809 [INFO] ApplicationProperties:184 - Using Application install path: C:\ST\STM32CubeIDE_1.19.0\STM32CubeIDE\plugins\com.st.stm32cube.common.mx_6.15.0.202507011659
2026-05-26 09:46:19,250 [INFO] MainUpdater:2872 - connection check result : 10
2026-05-26 09:46:19,251 [INFO] MainUpdater:289 - Updater Check For Update Now.
2026-05-26 09:46:19,251 [INFO] MicroXplorer:498 - Change Database Version : DB.6.0.150
2026-05-26 09:46:19,261 [INFO] McuFinderGlobals:63 - Set McuFinder mode to 2 (CubeIDE integrated)
2026-05-26 09:46:19,261 [INFO] UserAuth:171 - activating auth plugin
2026-05-26 09:46:19,266 [INFO] UserAuth:487 - Internet connection configuration mode: 1
2026-05-26 09:46:19,309 [INFO] JxBrowserEngine:152 - Initiate JxBrowser Engine with user profile folder
2026-05-26 09:46:19,495 [INFO] CheckServerUpdateThread:120 - End of CheckServer Thread
2026-05-26 09:46:20,181 [WARN] PackLoader:240 - Cannot read IP mode file for STMicroelectronics.X-CUBE-AZRTOS-H7.3.5.0
2026-05-26 09:46:20,213 [WARN] PackLoader:240 - Cannot read IP mode file for STMicroelectronics.FP-ATR-ASTRA1.2.0.2
2026-05-26 09:46:20,226 [WARN] PackLoader:240 - Cannot read IP mode file for STMicroelectronics.X-CUBE-SMBUS.2.1.0
2026-05-26 09:46:20,253 [WARN] PackLoader:240 - Cannot read IP mode file for STMicroelectronics.X-CUBE-AZRTOS-F7.1.1.0
2026-05-26 09:46:20,268 [WARN] PackLoader:240 - Cannot read IP mode file for STMicroelectronics.FP-SNS-MOTENV1.5.1.0
2026-05-26 09:46:20,288 [WARN] PackLoader:240 - Cannot read IP mode file for WES.I-CUBE-Cesium.1.4.0
2026-05-26 09:46:20,301 [WARN] PackLoader:240 - Cannot read IP mode file for STMicroelectronics.X-CUBE-DISPLAY.3.0.0
2026-05-26 09:46:20,325 [WARN] PackLoader:240 - Cannot read IP mode file for STMicroelectronics.X-CUBE-GNSS1.7.1.1
2026-05-26 09:46:20,348 [WARN] PackLoader:240 - Cannot read IP mode file for STMicroelectronics.FP-SNS-MOTENVWB1.1.5.0
2026-05-26 09:46:20,358 [WARN] PackLoader:240 - Cannot read IP mode file for wolfSSL.I-CUBE-wolfSSL.5.9.1
2026-05-26 09:46:20,371 [WARN] PackLoader:240 - Cannot read IP mode file for STMicroelectronics.X-CUBE-NFC10.1.0.0
2026-05-26 09:46:20,386 [WARN] PackLoader:240 - Cannot read IP mode file for STMicroelectronics.X-CUBE-ST60.1.1.0
2026-05-26 09:46:20,399 [WARN] PackLoader:240 - Cannot read IP mode file for emotas.I-CUBE-CANOPEN.1.3.0
2026-05-26 09:46:20,409 [WARN] PackLoader:240 - Cannot read IP mode file for STMicroelectronics.X-CUBE-GNSS1.7.1.0
2026-05-26 09:46:20,426 [WARN] PackLoader:240 - Cannot read IP mode file for STMicroelectronics.FP-SNS-STBOX1.2.1.0
2026-05-26 09:46:20,438 [WARN] PackLoader:240 - Cannot read IP mode file for STMicroelectronics.FP-SNS-SMARTAG2.1.2.0
2026-05-26 09:46:20,447 [WARN] PackLoader:240 - Cannot read IP mode file for STMicroelectronics.FP-SNS-FLIGHT1.5.1.0
2026-05-26 09:46:20,465 [INFO] LogOutputStream:77 - [STDOUT_REDIRECT] 1 : Invalid condition id : UX_CORESTACK_Condition cause : null
2026-05-26 09:46:20,466 [INFO] LogOutputStream:77 - [STDOUT_REDIRECT] 1 : Invalid condition id : UX_CORESTACK_Condition cause : null
2026-05-26 09:46:20,467 [INFO] LogOutputStream:77 - [STDOUT_REDIRECT] 1 : Invalid condition id : UX_CORESTACK_Condition cause : null
2026-05-26 09:46:20,469 [INFO] LogOutputStream:77 - [STDOUT_REDIRECT] 1 : Invalid condition id : UX_CORESTACK_Condition cause : null
2026-05-26 09:46:20,471 [INFO] LogOutputStream:77 - [STDOUT_REDIRECT] 1 : Invalid condition id : UX_CORESTACK_Condition cause : null
2026-05-26 09:46:20,475 [WARN] PackLoader:240 - Cannot read IP mode file for STMicroelectronics.X-CUBE-AZRTOS-WL.2.0.0
2026-05-26 09:46:20,505 [WARN] PackLoader:240 - Cannot read IP mode file for STMicroelectronics.X-CUBE-AZRTOS-H7RS.1.2.0
2026-05-26 09:46:20,518 [WARN] PackLoader:240 - Cannot read IP mode file for STMicroelectronics.X-CUBE-BLE2.3.3.0
2026-05-26 09:46:20,568 [WARN] PackLoader:240 - Cannot read IP mode file for Infineon.AIROC-Wi-Fi-Bluetooth-STM32.1.8.0
2026-05-26 09:46:20,583 [WARN] PackLoader:240 - Cannot read IP mode file for STMicroelectronics.X-CUBE-NFC9.1.0.0
2026-05-26 09:46:20,594 [WARN] PackLoader:240 - Cannot read IP mode file for STMicroelectronics.X-CUBE-BLE1.7.1.0
2026-05-26 09:46:20,603 [WARN] PackLoader:240 - Cannot read IP mode file for wolfSSL.I-CUBE-wolfMQTT.1.19.2
2026-05-26 09:46:20,671 [WARN] PackLoader:240 - Cannot read IP mode file for STMicroelectronics.X-CUBE-EEPRMA1.5.2.0
2026-05-26 09:46:20,788 [WARN] PackLoader:240 - Cannot read IP mode file for wolfSSL.I-CUBE-wolfSSL.5.8.4
2026-05-26 09:46:20,796 [WARN] PackLoader:240 - Cannot read IP mode file for Cesanta.I-CUBE-Mongoose.7.20.0
2026-05-26 09:46:20,807 [WARN] PackLoader:240 - Cannot read IP mode file for STMicroelectronics.FP-SNS-STAIOTCFT.1.1.0
2026-05-26 09:46:20,863 [WARN] PackLoader:240 - Cannot read IP mode file for STMicroelectronics.X-CUBE-MEMS1.12.0.0
2026-05-26 09:46:20,993 [WARN] PackLoader:240 - Cannot read IP mode file for STMicroelectronics.X-CUBE-AZRTOS-G0.1.1.0
2026-05-26 09:46:21,004 [WARN] PackLoader:240 - Cannot read IP mode file for STMicroelectronics.X-CUBE-NFC4.3.0.0
2026-05-26 09:46:21,018 [WARN] PackLoader:240 - Cannot read IP mode file for EmbeddedOffice.I-CUBE-FS-RTOS.1.0.1
2026-05-26 09:46:21,029 [WARN] PackLoader:240 - Cannot read IP mode file for STMicroelectronics.X-CUBE-WB05N.2.0.0
2026-05-26 09:46:21,040 [WARN] PackLoader:240 - Cannot read IP mode file for wolfSSL.I-CUBE-wolfTPM.3.8.0
2026-05-26 09:46:21,049 [WARN] PackLoader:240 - Cannot read IP mode file for STMicroelectronics.X-CUBE-TCPP.4.2.0
2026-05-26 09:46:21,062 [WARN] PackLoader:240 - Cannot read IP mode file for RealThread.X-CUBE-RT-Thread_Nano.4.1.1
2026-05-26 09:46:21,073 [WARN] PackLoader:240 - Cannot read IP mode file for STMicroelectronics.FP-ATR-SIGFOX1.3.2.0
2026-05-26 09:46:21,085 [WARN] PackLoader:240 - Cannot read IP mode file for STMicroelectronics.X-CUBE-FREERTOS.1.5.0
2026-05-26 09:46:21,096 [WARN] PackLoader:240 - Cannot read IP mode file for ITTIA_DB.I-CUBE-ITTIADB.8.9.0
2026-05-26 09:46:21,103 [WARN] PackLoader:240 - Cannot read IP mode file for Cesanta.I-CUBE-Mongoose.7.21.6
2026-05-26 09:46:21,114 [WARN] PackLoader:240 - Cannot read IP mode file for STMicroelectronics.X-CUBE-NFC6.3.2.0
2026-05-26 09:46:21,125 [WARN] PackLoader:240 - Cannot read IP mode file for STMicroelectronics.X-CUBE-AI.10.2.0
2026-05-26 09:46:21,195 [WARN] PackLoader:240 - Cannot read IP mode file for STMicroelectronics.X-CUBE-MEMS1.12.1.0
2026-05-26 09:46:21,428 [WARN] PackLoader:240 - Cannot read IP mode file for SEGGER.I-CUBE-embOS.1.3.1
2026-05-26 09:46:21,506 [WARN] PackLoader:240 - Cannot read IP mode file for STMicroelectronics.X-CUBE-ALGOBUILD.1.4.0
2026-05-26 09:46:21,533 [WARN] PackLoader:240 - Cannot read IP mode file for STMicroelectronics.X-CUBE-PM33A1.1.0.0
2026-05-26 09:46:21,557 [WARN] PackLoader:240 - Cannot read IP mode file for STMicroelectronics.X-CUBE-AZRTOS-F4.1.1.0
2026-05-26 09:46:21,569 [WARN] PackLoader:240 - Cannot read IP mode file for STMicroelectronics.X-CUBE-ISPU.2.1.0
2026-05-26 09:46:21,597 [WARN] PackLoader:240 - Cannot read IP mode file for STMicroelectronics.X-CUBE-IPS.3.2.0
2026-05-26 09:46:21,615 [WARN] PackLoader:240 - Cannot read IP mode file for STMicroelectronics.eDS-WB_DPC_TT-BIDIR.2.1.1
2026-05-26 09:46:21,627 [WARN] PackLoader:240 - Cannot read IP mode file for STMicroelectronics.X-CUBE-NFC12.1.0.0
2026-05-26 09:46:21,653 [WARN] PackLoader:240 - Cannot read IP mode file for STMicroelectronics.X-CUBE-AZRTOS-L5.2.0.0
2026-05-26 09:46:21,666 [WARN] PackLoader:240 - Cannot read IP mode file for STMicroelectronics.X-CUBE-ALGOBUILD.1.5.0
2026-05-26 09:46:21,675 [WARN] PackLoader:240 - Cannot read IP mode file for STMicroelectronics.eDS-WB_DPC_VIENNA.1.2.0
2026-05-26 09:46:21,682 [WARN] PackLoader:240 - Cannot read IP mode file for STMicroelectronics.eDS-WB_DPC_3PH2L-BIDIR.1.1.1
2026-05-26 09:46:21,689 [ERROR] Engine:466 - C:\Users\jahna\.stm32cubemx\thirdparties\pdsc\STMicroelectronics.X-CUBE-ST67W61.1.3.0.pdsc: PDSC version is not supported
2026-05-26 09:46:21,698 [WARN] PackLoader:240 - Cannot read IP mode file for STMicroelectronics.X-CUBE-TOUCHGFX.4.26.1
2026-05-26 09:46:21,706 [WARN] PackLoader:240 - Cannot read IP mode file for STMicroelectronics.FP-SNS-STAIOTCFT.1.0.0
2026-05-26 09:46:21,716 [WARN] PackLoader:240 - Cannot read IP mode file for STMicroelectronics.X-CUBE-DPower.1.3.0
2026-05-26 09:46:21,747 [WARN] ConditionMgr:438 - getConditionDescription Invalid condition id : LAN8742 Phy interface Condition cause : null
2026-05-26 09:46:21,748 [WARN] PackLoader:240 - Cannot read IP mode file for STMicroelectronics.X-CUBE-AZRTOS-L4.2.0.0
2026-05-26 09:46:21,750 [WARN] ConditionMgr:1044 - genDependencies : Invalid condition id : LAN8742 Phy interface Condition cause : null
2026-05-26 09:46:21,751 [WARN] ConditionMgr:1044 - genDependencies : Invalid condition id : LAN8742 Phy interface Condition cause : null
2026-05-26 09:46:21,752 [WARN] ConditionMgr:1044 - genDependencies : Invalid condition id : LAN8742 Phy interface Condition cause : null
2026-05-26 09:46:21,764 [WARN] PackLoader:240 - Cannot read IP mode file for STMicroelectronics.X-CUBE-SFXS2LP1.4.0.0
2026-05-26 09:46:21,772 [WARN] PackLoader:240 - Cannot read IP mode file for STMicroelectronics.X-CUBE-WB05N.2.1.0
2026-05-26 09:46:21,783 [WARN] PackLoader:240 - Cannot read IP mode file for STMicroelectronics.X-CUBE-ST67W61.1.2.0
2026-05-26 09:46:21,800 [WARN] PackLoader:240 - Cannot read IP mode file for STMicroelectronics.X-CUBE-BLEMGR.4.1.0
2026-05-26 09:46:21,814 [INFO] WebApp:169 - Instantiating new browser for Auth
2026-05-26 09:46:21,824 [WARN] ConditionMgr:438 - getConditionDescription Invalid condition id : UX DEVICE CLASS RTOS Condition cause : null
2026-05-26 09:46:21,824 [WARN] ConditionMgr:438 - getConditionDescription Invalid condition id : UX DEVICE CLASS RTOS Condition cause : null
2026-05-26 09:46:21,827 [WARN] PackLoader:240 - Cannot read IP mode file for STMicroelectronics.X-CUBE-AZRTOS-WB.2.0.0
2026-05-26 09:46:21,828 [WARN] ConditionMgr:1044 - genDependencies : Invalid condition id : UX DEVICE CLASS RTOS Condition cause : null
2026-05-26 09:46:21,828 [WARN] ConditionMgr:1044 - genDependencies : Invalid condition id : UX DEVICE CLASS RTOS Condition cause : null
2026-05-26 09:46:21,829 [WARN] ConditionMgr:1044 - genDependencies : Invalid condition id : UX DEVICE CLASS RTOS Condition cause : null
2026-05-26 09:46:21,829 [WARN] ConditionMgr:1044 - genDependencies : Invalid condition id : UX DEVICE CLASS RTOS Condition cause : null
2026-05-26 09:46:21,829 [WARN] ConditionMgr:1044 - genDependencies : Invalid condition id : UX DEVICE CLASS RTOS Condition cause : null
2026-05-26 09:46:21,840 [WARN] ConditionMgr:438 - getConditionDescription Invalid condition id : Cortex-A Device cause : null
2026-05-26 09:46:21,855 [WARN] ConditionMgr:1044 - genDependencies : Invalid condition id : Cortex-A Device cause : null
2026-05-26 09:46:21,855 [WARN] ConditionMgr:1044 - genDependencies : Invalid condition id : Cortex-A Device cause : null
2026-05-26 09:46:21,855 [WARN] ConditionMgr:1044 - genDependencies : Invalid condition id : Cortex-A Device cause : null
2026-05-26 09:46:21,867 [WARN] PackLoader:240 - Cannot read IP mode file for STMicroelectronics.X-CUBE-STSE01.2.0.0
2026-05-26 09:46:21,888 [WARN] PackLoader:240 - Cannot read IP mode file for STMicroelectronics.X-CUBE-SUBG2.5.0.0
2026-05-26 09:46:21,920 [WARN] PackLoader:240 - Cannot read IP mode file for STMicroelectronics.X-CUBE-AZRTOS-G4.2.0.0
2026-05-26 09:46:21,934 [WARN] PackLoader:240 - Cannot read IP mode file for wolfSSL.I-CUBE-wolfSSH.1.4.20
2026-05-26 09:46:21,953 [WARN] PackLoader:240 - Cannot read IP mode file for STMicroelectronics.X-CUBE-NFC7.2.0.0
2026-05-26 09:46:21,964 [WARN] PackLoader:240 - Cannot read IP mode file for STMicroelectronics.X-CUBE-ALS.1.0.2
2026-05-26 09:46:21,983 [WARN] PackLoader:240 - Cannot read IP mode file for STMicroelectronics.X-CUBE-TOF1.3.4.3
2026-05-26 09:46:21,996 [INFO] ThirdParty:978 - Integrity check success = true
2026-05-26 09:46:21,996 [INFO] IntegrityCheckThread:100 - exiting critical section [integrity check]
2026-05-26 09:46:21,996 [INFO] IntegrityCheckThread:103 - End integrity checks thread
2026-05-26 09:46:23,146 [INFO] WebApp:463 - Apply proxy settings
2026-05-26 09:46:23,147 [INFO] WebApp:548 - Chromium requires no authentication
2026-05-26 09:46:23,164 [INFO] WebApp:491 - Direct internet connection detected
2026-05-26 09:46:23,207 [INFO] WebApp:900 - Register for checkConnection events
2026-05-26 09:46:23,208 [INFO] WebApp:463 - Apply proxy settings
2026-05-26 09:46:23,208 [INFO] WebApp:548 - Chromium requires no authentication
2026-05-26 09:46:23,210 [INFO] WebApp:491 - Direct internet connection detected
2026-05-26 09:46:23,461 [INFO] WebApp:225 - Starting web application
2026-05-26 09:46:23,461 [INFO] WebApp:593 - Web application path used C:\ST\STM32CubeIDE_1.19.0\STM32CubeIDE\plugins\com.st.stm32cube.common.mx_6.15.0.202507011659\db\plugins\mcufinder\reactClient1\index.html
2026-05-26 09:46:23,660 [INFO] WebApp:191 - Connection restablished
2026-05-26 10:29:59,390 [INFO] WebApp:194 - Connection lost
2026-05-26 10:30:00,038 [INFO] WebApp:191 - Connection restablished
2026-05-26 11:03:05,170 [ERROR] LogOutputStream:75 - [STDERR_REDIRECT] 
