../Drivers/BSP/Components/gde021a1/gde021a1.c:109:6:gde021a1_Init	16	static
../Drivers/BSP/Components/gde021a1/gde021a1.c:151:6:gde021a1_WritePixel	16	static
../Drivers/BSP/Components/gde021a1/gde021a1.c:168:6:gde021a1_SetDisplayWindow	24	static
../Drivers/BSP/Components/gde021a1/gde021a1.c:191:10:gde021a1_GetEpdPixelWidth	8	static
../Drivers/BSP/Components/gde021a1/gde021a1.c:201:10:gde021a1_GetEpdPixelHeight	8	static
../Drivers/BSP/Components/gde021a1/gde021a1.c:212:6:gde021a1_WriteReg	16	static
../Drivers/BSP/Components/gde021a1/gde021a1.c:224:9:gde021a1_ReadReg	16	static
../Drivers/BSP/Components/gde021a1/gde021a1.c:238:6:gde021a1_RefreshDisplay	8	static
../Drivers/BSP/Components/gde021a1/gde021a1.c:256:6:gde021a1_CloseChargePump	8	static
../Drivers/BSP/Components/gde021a1/gde021a1.c:279:6:gde021a1_DrawImage	40	static
