Archive member included to satisfy reference by file (symbol)

C:/ST/STM32CubeIDE_1.19.0/STM32CubeIDE/plugins/com.st.stm32cube.ide.mcu.externaltools.gnu-tools-for-stm32.13.3.rel1.win32_1.0.0.202411081344/tools/bin/../lib/gcc/arm-none-eabi/13.3.1/../../../../arm-none-eabi/lib/thumb/v6-m/nofp\libc_nano.a(libc_a-exit.o)
                              C:/ST/STM32CubeIDE_1.19.0/STM32CubeIDE/plugins/com.st.stm32cube.ide.mcu.externaltools.gnu-tools-for-stm32.13.3.rel1.win32_1.0.0.202411081344/tools/bin/../lib/gcc/arm-none-eabi/13.3.1/../../../../arm-none-eabi/lib/thumb/v6-m/nofp/crt0.o (exit)
C:/ST/STM32CubeIDE_1.19.0/STM32CubeIDE/plugins/com.st.stm32cube.ide.mcu.externaltools.gnu-tools-for-stm32.13.3.rel1.win32_1.0.0.202411081344/tools/bin/../lib/gcc/arm-none-eabi/13.3.1/../../../../arm-none-eabi/lib/thumb/v6-m/nofp\libc_nano.a(libc_a-findfp.o)
                              C:/ST/STM32CubeIDE_1.19.0/STM32CubeIDE/plugins/com.st.stm32cube.ide.mcu.externaltools.gnu-tools-for-stm32.13.3.rel1.win32_1.0.0.202411081344/tools/bin/../lib/gcc/arm-none-eabi/13.3.1/../../../../arm-none-eabi/lib/thumb/v6-m/nofp\libc_nano.a(libc_a-exit.o) (__stdio_exit_handler)
C:/ST/STM32CubeIDE_1.19.0/STM32CubeIDE/plugins/com.st.stm32cube.ide.mcu.externaltools.gnu-tools-for-stm32.13.3.rel1.win32_1.0.0.202411081344/tools/bin/../lib/gcc/arm-none-eabi/13.3.1/../../../../arm-none-eabi/lib/thumb/v6-m/nofp\libc_nano.a(libc_a-fwalk.o)
                              C:/ST/STM32CubeIDE_1.19.0/STM32CubeIDE/plugins/com.st.stm32cube.ide.mcu.externaltools.gnu-tools-for-stm32.13.3.rel1.win32_1.0.0.202411081344/tools/bin/../lib/gcc/arm-none-eabi/13.3.1/../../../../arm-none-eabi/lib/thumb/v6-m/nofp\libc_nano.a(libc_a-findfp.o) (_fwalk_sglue)
C:/ST/STM32CubeIDE_1.19.0/STM32CubeIDE/plugins/com.st.stm32cube.ide.mcu.externaltools.gnu-tools-for-stm32.13.3.rel1.win32_1.0.0.202411081344/tools/bin/../lib/gcc/arm-none-eabi/13.3.1/../../../../arm-none-eabi/lib/thumb/v6-m/nofp\libc_nano.a(libc_a-stdio.o)
                              C:/ST/STM32CubeIDE_1.19.0/STM32CubeIDE/plugins/com.st.stm32cube.ide.mcu.externaltools.gnu-tools-for-stm32.13.3.rel1.win32_1.0.0.202411081344/tools/bin/../lib/gcc/arm-none-eabi/13.3.1/../../../../arm-none-eabi/lib/thumb/v6-m/nofp\libc_nano.a(libc_a-findfp.o) (__sread)
C:/ST/STM32CubeIDE_1.19.0/STM32CubeIDE/plugins/com.st.stm32cube.ide.mcu.externaltools.gnu-tools-for-stm32.13.3.rel1.win32_1.0.0.202411081344/tools/bin/../lib/gcc/arm-none-eabi/13.3.1/../../../../arm-none-eabi/lib/thumb/v6-m/nofp\libc_nano.a(libc_a-memset.o)
                              C:/ST/STM32CubeIDE_1.19.0/STM32CubeIDE/plugins/com.st.stm32cube.ide.mcu.externaltools.gnu-tools-for-stm32.13.3.rel1.win32_1.0.0.202411081344/tools/bin/../lib/gcc/arm-none-eabi/13.3.1/../../../../arm-none-eabi/lib/thumb/v6-m/nofp/crt0.o (memset)
C:/ST/STM32CubeIDE_1.19.0/STM32CubeIDE/plugins/com.st.stm32cube.ide.mcu.externaltools.gnu-tools-for-stm32.13.3.rel1.win32_1.0.0.202411081344/tools/bin/../lib/gcc/arm-none-eabi/13.3.1/../../../../arm-none-eabi/lib/thumb/v6-m/nofp\libc_nano.a(libc_a-closer.o)
                              C:/ST/STM32CubeIDE_1.19.0/STM32CubeIDE/plugins/com.st.stm32cube.ide.mcu.externaltools.gnu-tools-for-stm32.13.3.rel1.win32_1.0.0.202411081344/tools/bin/../lib/gcc/arm-none-eabi/13.3.1/../../../../arm-none-eabi/lib/thumb/v6-m/nofp\libc_nano.a(libc_a-stdio.o) (_close_r)
C:/ST/STM32CubeIDE_1.19.0/STM32CubeIDE/plugins/com.st.stm32cube.ide.mcu.externaltools.gnu-tools-for-stm32.13.3.rel1.win32_1.0.0.202411081344/tools/bin/../lib/gcc/arm-none-eabi/13.3.1/../../../../arm-none-eabi/lib/thumb/v6-m/nofp\libc_nano.a(libc_a-reent.o)
                              C:/ST/STM32CubeIDE_1.19.0/STM32CubeIDE/plugins/com.st.stm32cube.ide.mcu.externaltools.gnu-tools-for-stm32.13.3.rel1.win32_1.0.0.202411081344/tools/bin/../lib/gcc/arm-none-eabi/13.3.1/../../../../arm-none-eabi/lib/thumb/v6-m/nofp\libc_nano.a(libc_a-closer.o) (errno)
C:/ST/STM32CubeIDE_1.19.0/STM32CubeIDE/plugins/com.st.stm32cube.ide.mcu.externaltools.gnu-tools-for-stm32.13.3.rel1.win32_1.0.0.202411081344/tools/bin/../lib/gcc/arm-none-eabi/13.3.1/../../../../arm-none-eabi/lib/thumb/v6-m/nofp\libc_nano.a(libc_a-impure.o)
                              C:/ST/STM32CubeIDE_1.19.0/STM32CubeIDE/plugins/com.st.stm32cube.ide.mcu.externaltools.gnu-tools-for-stm32.13.3.rel1.win32_1.0.0.202411081344/tools/bin/../lib/gcc/arm-none-eabi/13.3.1/../../../../arm-none-eabi/lib/thumb/v6-m/nofp\libc_nano.a(libc_a-reent.o) (_impure_ptr)
C:/ST/STM32CubeIDE_1.19.0/STM32CubeIDE/plugins/com.st.stm32cube.ide.mcu.externaltools.gnu-tools-for-stm32.13.3.rel1.win32_1.0.0.202411081344/tools/bin/../lib/gcc/arm-none-eabi/13.3.1/../../../../arm-none-eabi/lib/thumb/v6-m/nofp\libc_nano.a(libc_a-lseekr.o)
[...]
Memory Configuration

Name             Origin             Length             Attributes
RAM              0x20000000         0x00002000         xrw
FLASH            0x08000000         0x00010000         xr
*default*        0x00000000         0xffffffff

Linker script and memory map

LOAD C:/ST/STM32CubeIDE_1.19.0/STM32CubeIDE/plugins/com.st.stm32cube.ide.mcu.externaltools.gnu-tools-for-stm32.13.3.rel1.win32_1.0.0.202411081344/tools/bin/../lib/gcc/arm-none-eabi/13.3.1/thumb/v6-m/nofp/crti.o
LOAD C:/ST/STM32CubeIDE_1.19.0/STM32CubeIDE/plugins/com.st.stm32cube.ide.mcu.externaltools.gnu-tools-for-stm32.13.3.rel1.win32_1.0.0.202411081344/tools/bin/../lib/gcc/arm-none-eabi/13.3.1/thumb/v6-m/nofp/crtbegin.o
LOAD C:/ST/STM32CubeIDE_1.19.0/STM32CubeIDE/plugins/com.st.stm32cube.ide.mcu.externaltools.gnu-tools-for-stm32.13.3.rel1.win32_1.0.0.202411081344/tools/bin/../lib/gcc/arm-none-eabi/13.3.1/../../../../arm-none-eabi/lib/thumb/v6-m/nofp/crt0.o
LOAD ./Core/Src/main.o
LOAD ./Core/Src/stm32l0xx_hal_msp.o
LOAD ./Core/Src/stm32l0xx_it.o
LOAD ./Core/Src/syscalls.o
LOAD ./Core/Src/sysmem.o
LOAD ./Core/Src/system_stm32l0xx.o
LOAD ./Core/Startup/startup_stm32l053c8tx.o
LOAD ./Drivers/BSP/Components/gde021a1/gde021a1.o
LOAD ./Drivers/BSP/Components/gdem0213b74/gdem0213b74.o
LOAD ./Drivers/BSP/Components/hx8347d/hx8347d.o
LOAD ./Drivers/BSP/Components/mfxstm32l152/mfxstm32l152.o
LOAD ./Drivers/BSP/Components/st7735/st7735.o
LOAD ./Drivers/BSP/Components/stlm75/stlm75.o
LOAD ./Drivers/BSP/STM32L0538-Discovery/stm32l0538_discovery.o
LOAD ./Drivers/BSP/STM32L0538-Discovery/stm32l0538_discovery_epd.o
LOAD ./Drivers/STM32L0xx_HAL_Driver/Src/stm32l0xx_hal.o
LOAD ./Drivers/STM32L0xx_HAL_Driver/Src/stm32l0xx_hal_cortex.o
LOAD ./Drivers/STM32L0xx_HAL_Driver/Src/stm32l0xx_hal_dma.o
LOAD ./Drivers/STM32L0xx_HAL_Driver/Src/stm32l0xx_hal_exti.o
LOAD ./Drivers/STM32L0xx_HAL_Driver/Src/stm32l0xx_hal_flash.o
LOAD ./Drivers/STM32L0xx_HAL_Driver/Src/stm32l0xx_hal_flash_ex.o
LOAD ./Drivers/STM32L0xx_HAL_Driver/Src/stm32l0xx_hal_flash_ramfunc.o
LOAD ./Drivers/STM32L0xx_HAL_Driver/Src/stm32l0xx_hal_gpio.o
LOAD ./Drivers/STM32L0xx_HAL_Driver/Src/stm32l0xx_hal_i2c.o
LOAD ./Drivers/STM32L0xx_HAL_Driver/Src/stm32l0xx_hal_i2c_ex.o
LOAD ./Drivers/STM32L0xx_HAL_Driver/Src/stm32l0xx_hal_pwr.o
LOAD ./Drivers/STM32L0xx_HAL_Driver/Src/stm32l0xx_hal_pwr_ex.o
LOAD ./Drivers/STM32L0xx_HAL_Driver/Src/stm32l0xx_hal_rcc.o
LOAD ./Drivers/STM32L0xx_HAL_Driver/Src/stm32l0xx_hal_rcc_ex.o
LOAD ./Drivers/STM32L0xx_HAL_Driver/Src/stm32l0xx_hal_spi.o
START GROUP
LOAD C:/ST/STM32CubeIDE_1.19.0/STM32CubeIDE/plugins/com.st.stm32cube.ide.mcu.externaltools.gnu-tools-for-stm32.13.3.rel1.win32_1.0.0.202411081344/tools/bin/../lib/gcc/arm-none-eabi/13.3.1/../../../../arm-none-eabi/lib/thumb/v6-m/nofp\libc_nano.a
LOAD C:/ST/STM32CubeIDE_1.19.0/STM32CubeIDE/plugins/com.st.stm32cube.ide.mcu.externaltools.gnu-tools-for-stm32.13.3.rel1.win32_1.0.0.202411081344/tools/bin/../lib/gcc/arm-none-eabi/13.3.1/../../../../arm-none-eabi/lib/thumb/v6-m/nofp\libm.a
END GROUP
START GROUP
LOAD C:/ST/STM32CubeIDE_1.19.0/STM32CubeIDE/plugins/com.st.stm32cube.ide.mcu.externaltools.gnu-tools-for-stm32.13.3.rel1.win32_1.0.0.202411081344/tools/bin/../lib/gcc/arm-none-eabi/13.3.1/thumb/v6-m/nofp\libgcc.a
LOAD C:/ST/STM32CubeIDE_1.19.0/STM32CubeIDE/plugins/com.st.stm32cube.ide.mcu.externaltools.gnu-tools-for-stm32.13.3.rel1.win32_1.0.0.202411081344/tools/bin/../lib/gcc/arm-none-eabi/13.3.1/../../../../arm-none-eabi/lib/thumb/v6-m/nofp\libc_nano.a
END GROUP
START GROUP
LOAD C:/ST/STM32CubeIDE_1.19.0/STM32CubeIDE/plugins/com.st.stm32cube.ide.mcu.externaltools.gnu-tools-for-stm32.13.3.rel1.win32_1.0.0.202411081344/tools/bin/../lib/gcc/arm-none-eabi/13.3.1/thumb/v6-m/nofp\libgcc.a
LOAD C:/ST/STM32CubeIDE_1.19.0/STM32CubeIDE/plugins/com.st.stm32cube.ide.mcu.externaltools.gnu-tools-for-stm32.13.3.rel1.win32_1.0.0.202411081344/tools/bin/../lib/gcc/arm-none-eabi/13.3.1/../../../../arm-none-eabi/lib/thumb/v6-m/nofp\libc_nano.a
LOAD C:/ST/STM32CubeIDE_1.19.0/STM32CubeIDE/plugins/com.st.stm32cube.ide.mcu.externaltools.gnu-tools-for-stm32.13.3.rel1.win32_1.0.0.202411081344/tools/bin/../lib/gcc/arm-none-eabi/13.3.1/../../../../arm-none-eabi/lib/thumb/v6-m/nofp\libnosys.a
END GROUP
START GROUP
LOAD C:/ST/STM32CubeIDE_1.19.0/STM32CubeIDE/plugins/com.st.stm32cube.ide.mcu.externaltools.gnu-tools-for-stm32.13.3.rel1.win32_1.0.0.202411081344/tools/bin/../lib/gcc/arm-none-eabi/13.3.1/thumb/v6-m/nofp\libgcc.a
LOAD C:/ST/STM32CubeIDE_1.19.0/STM32CubeIDE/plugins/com.st.stm32cube.ide.mcu.externaltools.gnu-tools-for-stm32.13.3.rel1.win32_1.0.0.202411081344/tools/bin/../lib/gcc/arm-none-eabi/13.3.1/../../../../arm-none-eabi/lib/thumb/v6-m/nofp\libc_nano.a
LOAD C:/ST/STM32CubeIDE_1.19.0/STM32CubeIDE/plugins/com.st.stm32cube.ide.mcu.externaltools.gnu-tools-for-stm32.13.3.rel1.win32_1.0.0.202411081344/tools/bin/../lib/gcc/arm-none-eabi/13.3.1/../../../../arm-none-eabi/lib/thumb/v6-m/nofp\libnosys.a
END GROUP
LOAD C:/ST/STM32CubeIDE_1.19.0/STM32CubeIDE/plugins/com.st.stm32cube.ide.mcu.externaltools.gnu-tools-for-stm32.13.3.rel1.win32_1.0.0.202411081344/tools/bin/../lib/gcc/arm-none-eabi/13.3.1/thumb/v6-m/nofp/crtend.o
LOAD C:/ST/STM32CubeIDE_1.19.0/STM32CubeIDE/plugins/com.st.stm32cube.ide.mcu.externaltools.gnu-tools-for-stm32.13.3.rel1.win32_1.0.0.202411081344/tools/bin/../lib/gcc/arm-none-eabi/13.3.1/thumb/v6-m/nofp/crtn.o
                0x20002000                        _estack = (ORIGIN (RAM) + LENGTH (RAM))
                0x00000200                        _Min_Heap_Size = 0x200
                0x00000400                        _Min_Stack_Size = 0x400

.isr_vector     0x08000000       0xc0
                0x08000000                        . = ALIGN (0x4)
 *(.isr_vector)
 .isr_vector    0x08000000       0xc0 ./Core/Startup/startup_stm32l053c8tx.o
                0x08000000                g_pfnVectors
                0x080000c0                        . = ALIGN (0x4)

.text           0x080000c0     0x2c10
                0x080000c0                        . = ALIGN (0x4)
 *(.text)
 .text          0x080000c0       0x48 C:/ST/STM32CubeIDE_1.19.0/STM32CubeIDE/plugins/com.st.stm32cube.ide.mcu.externaltools.gnu-tools-for-stm32.13.3.rel1.win32_1.0.0.202411081344/tools/bin/../lib/gcc/arm-none-eabi/13.3.1/thumb/v6-m/nofp/crtbegin.o
 .text          0x08000108      0x114 C:/ST/STM32CubeIDE_1.19.0/STM32CubeIDE/plugins/com.st.stm32cube.ide.mcu.externaltools.gnu-tools-for-stm32.13.3.rel1.win32_1.0.0.202411081344/tools/bin/../lib/gcc/arm-none-eabi/13.3.1/thumb/v6-m/nofp\libgcc.a(_udivsi3.o)
                0x08000108                __aeabi_uidiv
                0x08000108                __udivsi3
                0x08000214                __aeabi_uidivmod
 .text          0x0800021c        0x4 C:/ST/STM32CubeIDE_1.19.0/STM32CubeIDE/plugins/com.st.stm32cube.ide.mcu.externaltools.gnu-tools-for-stm32.13.3.rel1.win32_1.0.0.202411081344/tools/bin/../lib/gcc/arm-none-eabi/13.3.1/thumb/v6-m/nofp\libgcc.a(_dvmd_tls.o)
                0x0800021c                __aeabi_idiv0
                0x0800021c                __aeabi_ldiv0
 *(.text*)
 .text.main     0x08000220       0x58 ./Core/Src/main.o
                0x08000220                main
 .text.MX_GPIO_Init
                0x08000278       0xec ./Core/Src/main.o
 .text.SystemClock_Config
                0x08000364       0xb8 ./Core/Src/main.o
                0x08000364                SystemClock_Config
 .text.MX_SPI1_Init
                0x0800041c       0x70 ./Core/Src/main.o
 .text.Error_Handler
                0x0800048c        0xc ./Core/Src/main.o
                0x0800048c                Error_Handler
 .text.HAL_MspInit
                0x08000498       0x28 ./Core/Src/stm32l0xx_hal_msp.o
                0x08000498                HAL_MspInit
 .text.HAL_SPI_MspInit
                0x080004c0       0x88 ./Core/Src/stm32l0xx_hal_msp.o
                0x080004c0                HAL_SPI_MspInit
 .text.HAL_SPI_MspDeInit
                0x08000548       0x40 ./Core/Src/stm32l0xx_hal_msp.o
                0x08000548                HAL_SPI_MspDeInit
 .text.NMI_Handler
                0x08000588        0x8 ./Core/Src/stm32l0xx_it.o
                0x08000588                NMI_Handler
 .text.HardFault_Handler
                0x08000590        0x8 ./Core/Src/stm32l0xx_it.o
                0x08000590                HardFault_Handler
 .text.SVC_Handler
                0x08000598        0xa ./Core/Src/stm32l0xx_it.o
                0x08000598                SVC_Handler
 .text.PendSV_Handler
                0x080005a2        0xa ./Core/Src/stm32l0xx_it.o
                0x080005a2                PendSV_Handler
 .text.SysTick_Handler
                0x080005ac        0xe ./Core/Src/stm32l0xx_it.o
                0x080005ac                SysTick_Handler
 .text.SystemInit
                0x080005ba        0xa ./Core/Src/system_stm32l0xx.o
                0x080005ba                SystemInit
 .text.Reset_Handler
                0x080005c4       0x50 ./Core/Startup/startup_stm32l053c8tx.o
                0x080005c4                Reset_Handler
 .text.Default_Handler
                0x08000614        0x2 ./Core/Startup/startup_stm32l053c8tx.o
                0x08000614                TSC_IRQHandler
                0x08000614                ADC1_COMP_IRQHandler
                0x08000614                PVD_IRQHandler
                0x08000614                I2C1_IRQHandler
                0x08000614                RCC_CRS_IRQHandler
                0x08000614                SPI1_IRQHandler
                0x08000614                TIM6_DAC_IRQHandler
                0x08000614                EXTI2_3_IRQHandler
                0x08000614                I2C2_IRQHandler
                0x08000614                RTC_IRQHandler
                0x08000614                LCD_IRQHandler
                0x08000614                DMA1_Channel4_5_6_7_IRQHandler
                0x08000614                EXTI4_15_IRQHandler
                0x08000614                DMA1_Channel1_IRQHandler
                0x08000614                Default_Handler
                0x08000614                TIM22_IRQHandler
                0x08000614                EXTI0_1_IRQHandler
                0x08000614                USB_IRQHandler
                0x08000614                SPI2_IRQHandler
                0x08000614                TIM21_IRQHandler
                0x08000614                WWDG_IRQHandler
                0x08000614                TIM2_IRQHandler
                0x08000614                DMA1_Channel2_3_IRQHandler
                0x08000614                USART2_IRQHandler
                0x08000614                FLASH_IRQHandler
                0x08000614                USART1_IRQHandler
                0x08000614                RNG_LPUART1_IRQHandler
                0x08000614                LPTIM1_IRQHandler
 *fill*         0x08000616        0x2 
 .text.gde021a1_Init
                0x08000618       0xd0 ./Drivers/BSP/Components/gde021a1/gde021a1.o
                0x08000618                gde021a1_Init
 .text.gde021a1_WritePixel
                0x080006e8       0x26 ./Drivers/BSP/Components/gde021a1/gde021a1.o
                0x080006e8                gde021a1_WritePixel
 .text.gde021a1_SetDisplayWindow
                0x0800070e       0x82 ./Drivers/BSP/Components/gde021a1/gde021a1.o
                0x0800070e                gde021a1_SetDisplayWindow
 .text.gde021a1_GetEpdPixelWidth
                0x08000790        0xc ./Drivers/BSP/Components/gde021a1/gde021a1.o
                0x08000790                gde021a1_GetEpdPixelWidth
 .text.gde021a1_GetEpdPixelHeight
                0x0800079c        0xc ./Drivers/BSP/Components/gde021a1/gde021a1.o
                0x0800079c                gde021a1_GetEpdPixelHeight
 .text.gde021a1_RefreshDisplay
                0x080007a8       0x1c ./Drivers/BSP/Components/gde021a1/gde021a1.o
                0x080007a8                gde021a1_RefreshDisplay
 .text.gde021a1_CloseChargePump
                0x080007c4       0x1c ./Drivers/BSP/Components/gde021a1/gde021a1.o
                0x080007c4                gde021a1_CloseChargePump
 .text.gde021a1_DrawImage
                0x080007e0      0x3a2 ./Drivers/BSP/Components/gde021a1/gde021a1.o
                0x080007e0                gde021a1_DrawImage
 *fill*         0x08000b82        0x2 
 .text.BSP_LED_Init
                0x08000b84       0xb0 ./Drivers/BSP/STM32L0538-Discovery/stm32l0538_discovery.o
                0x08000b84                BSP_LED_Init
 .text.BSP_LED_On
                0x08000c34       0x38 ./Drivers/BSP/STM32L0538-Discovery/stm32l0538_discovery.o
                0x08000c34                BSP_LED_On
 .text.SPIx_Init
                0x08000c6c       0x7c ./Drivers/BSP/STM32L0538-Discovery/stm32l0538_discovery.o
 .text.SPIx_Write
                0x08000ce8       0x40 ./Drivers/BSP/STM32L0538-Discovery/stm32l0538_discovery.o
 .text.SPIx_Error
                0x08000d28       0x1c ./Drivers/BSP/STM32L0538-Discovery/stm32l0538_discovery.o
 .text.SPIx_MspInit
                0x08000d44       0x8c ./Drivers/BSP/STM32L0538-Discovery/stm32l0538_discovery.o
 .text.EPD_IO_Init
                0x08000dd0      0x164 ./Drivers/BSP/STM32L0538-Discovery/stm32l0538_discovery.o
                0x08000dd0                EPD_IO_Init
 .text.EPD_IO_WriteData
                0x08000f34       0x54 ./Drivers/BSP/STM32L0538-Discovery/stm32l0538_discovery.o
                0x08000f34                EPD_IO_WriteData
 .text.EPD_IO_WriteReg
                0x08000f88       0x50 ./Drivers/BSP/STM32L0538-Discovery/stm32l0538_discovery.o
                0x08000f88                EPD_IO_WriteReg
 .text.EPD_Delay
                0x08000fd8       0x18 ./Drivers/BSP/STM32L0538-Discovery/stm32l0538_discovery.o
                0x08000fd8                EPD_Delay
 .text.BSP_EPD_Init
                0x08000ff0       0x54 ./Drivers/BSP/STM32L0538-Discovery/stm32l0538_discovery_epd.o
                0x08000ff0                BSP_EPD_Init
 .text.BSP_EPD_GetXSize
                0x08001044       0x18 ./Drivers/BSP/STM32L0538-Discovery/stm32l0538_discovery_epd.o
                0x08001044                BSP_EPD_GetXSize
 .text.BSP_EPD_SetFont
                0x0800105c       0x1c ./Drivers/BSP/STM32L0538-Discovery/stm32l0538_discovery_epd.o
                0x0800105c                BSP_EPD_SetFont
 .text.BSP_EPD_Clear
                0x08001078       0x58 ./Drivers/BSP/STM32L0538-Discovery/stm32l0538_discovery_epd.o
                0x08001078                BSP_EPD_Clear
 .text.BSP_EPD_DisplayChar
                0x080010d0       0x60 ./Drivers/BSP/STM32L0538-Discovery/stm32l0538_discovery_epd.o
                0x080010d0                BSP_EPD_DisplayChar
 .text.BSP_EPD_DisplayStringAt
                0x08001130      0x164 ./Drivers/BSP/STM32L0538-Discovery/stm32l0538_discovery_epd.o
                0x08001130                BSP_EPD_DisplayStringAt
 .text.BSP_EPD_RefreshDisplay
                0x08001294       0x44 ./Drivers/BSP/STM32L0538-Discovery/stm32l0538_discovery_epd.o
                0x08001294                BSP_EPD_RefreshDisplay
 .text.DrawChar
                0x080012d8       0xbc ./Drivers/BSP/STM32L0538-Discovery/stm32l0538_discovery_epd.o
 .text.HAL_Init
                0x08001394       0x40 ./Drivers/STM32L0xx_HAL_Driver/Src/stm32l0xx_hal.o
                0x08001394                HAL_Init
 .text.HAL_InitTick
                0x080013d4       0x68 ./Drivers/STM32L0xx_HAL_Driver/Src/stm32l0xx_hal.o
                0x080013d4                HAL_InitTick
 .text.HAL_IncTick
                0x0800143c       0x24 ./Drivers/STM32L0xx_HAL_Driver/Src/stm32l0xx_hal.o
                0x0800143c                HAL_IncTick
 .text.HAL_GetTick
                0x08001460       0x14 ./Drivers/STM32L0xx_HAL_Driver/Src/stm32l0xx_hal.o
                0x08001460                HAL_GetTick
 .text.HAL_Delay
                0x08001474       0x48 ./Drivers/STM32L0xx_HAL_Driver/Src/stm32l0xx_hal.o
                0x08001474                HAL_Delay
 .text.__NVIC_SetPriority
                0x080014bc       0xdc ./Drivers/STM32L0xx_HAL_Driver/Src/stm32l0xx_hal_cortex.o
 .text.SysTick_Config
                0x08001598       0x48 ./Drivers/STM32L0xx_HAL_Driver/Src/stm32l0xx_hal_cortex.o
 .text.HAL_NVIC_SetPriority
                0x080015e0       0x2a ./Drivers/STM32L0xx_HAL_Driver/Src/stm32l0xx_hal_cortex.o
                0x080015e0                HAL_NVIC_SetPriority
 .text.HAL_SYSTICK_Config
                0x0800160a       0x1a ./Drivers/STM32L0xx_HAL_Driver/Src/stm32l0xx_hal_cortex.o
                0x0800160a                HAL_SYSTICK_Config
 .text.HAL_GPIO_Init
                0x08001624      0x2ec ./Drivers/STM32L0xx_HAL_Driver/Src/stm32l0xx_hal_gpio.o
                0x08001624                HAL_GPIO_Init
 .text.HAL_GPIO_DeInit
                0x08001910      0x1b4 ./Drivers/STM32L0xx_HAL_Driver/Src/stm32l0xx_hal_gpio.o
                0x08001910                HAL_GPIO_DeInit
 .text.HAL_GPIO_ReadPin
                0x08001ac4       0x3a ./Drivers/STM32L0xx_HAL_Driver/Src/stm32l0xx_hal_gpio.o
                0x08001ac4                HAL_GPIO_ReadPin
 .text.HAL_GPIO_WritePin
                0x08001afe       0x3a ./Drivers/STM32L0xx_HAL_Driver/Src/stm32l0xx_hal_gpio.o
                0x08001afe                HAL_GPIO_WritePin
 .text.HAL_RCC_OscConfig
                0x08001b38      0x788 ./Drivers/STM32L0xx_HAL_Driver/Src/stm32l0xx_hal_rcc.o
                0x08001b38                HAL_RCC_OscConfig
 .text.HAL_RCC_ClockConfig
                0x080022c0      0x290 ./Drivers/STM32L0xx_HAL_Driver/Src/stm32l0xx_hal_rcc.o
                0x080022c0                HAL_RCC_ClockConfig
 .text.HAL_RCC_GetSysClockFreq
                0x08002550      0x10c ./Drivers/STM32L0xx_HAL_Driver/Src/stm32l0xx_hal_rcc.o
                0x08002550                HAL_RCC_GetSysClockFreq
 .text.HAL_SPI_Init
                0x0800265c      0x128 ./Drivers/STM32L0xx_HAL_Driver/Src/stm32l0xx_hal_spi.o
                0x0800265c                HAL_SPI_Init
 .text.HAL_SPI_DeInit
                0x08002784       0x52 ./Drivers/STM32L0xx_HAL_Driver/Src/stm32l0xx_hal_spi.o
                0x08002784                HAL_SPI_DeInit
 .text.HAL_SPI_Transmit
                0x080027d6      0x2a0 ./Drivers/STM32L0xx_HAL_Driver/Src/stm32l0xx_hal_spi.o
                0x080027d6                HAL_SPI_Transmit
 .text.HAL_SPI_GetState
                0x08002a76       0x18 ./Drivers/STM32L0xx_HAL_Driver/Src/stm32l0xx_hal_spi.o
                0x08002a76                HAL_SPI_GetState
 *fill*         0x08002a8e        0x2 
 .text.SPI_WaitFlagStateUntilTimeout
                0x08002a90      0x11c ./Drivers/STM32L0xx_HAL_Driver/Src/stm32l0xx_hal_spi.o
 .text.SPI_EndRxTxTransaction
                0x08002bac       0xb4 ./Drivers/STM32L0xx_HAL_Driver/Src/stm32l0xx_hal_spi.o
 .text.memset   0x08002c60       0x10 C:/ST/STM32CubeIDE_1.19.0/STM32CubeIDE/plugins/com.st.stm32cube.ide.mcu.externaltools.gnu-tools-for-stm32.13.3.rel1.win32_1.0.0.202411081344/tools/bin/../lib/gcc/arm-none-eabi/13.3.1/../../../../arm-none-eabi/lib/thumb/v6-m/nofp\libc_nano.a(libc_a-memset.o)
                0x08002c60                memset
 .text.__libc_init_array
                0x08002c70       0x48 C:/ST/STM32CubeIDE_1.19.0/STM32CubeIDE/plugins/com.st.stm32cube.ide.mcu.externaltools.gnu-tools-for-stm32.13.3.rel1.win32_1.0.0.202411081344/tools/bin/../lib/gcc/arm-none-eabi/13.3.1/../../../../arm-none-eabi/lib/thumb/v6-m/nofp\libc_nano.a(libc_a-init.o)
                0x08002c70                __libc_init_array
 *(.glue_7)
 .glue_7        0x08002cb8        0x0 linker stubs
 *(.glue_7t)
 .glue_7t       0x08002cb8        0x0 linker stubs
 *(.eh_frame)
 .eh_frame      0x08002cb8        0x0 C:/ST/STM32CubeIDE_1.19.0/STM32CubeIDE/plugins/com.st.stm32cube.ide.mcu.externaltools.gnu-tools-for-stm32.13.3.rel1.win32_1.0.0.202411081344/tools/bin/../lib/gcc/arm-none-eabi/13.3.1/thumb/v6-m/nofp/crtbegin.o
 *(.init)
 .init          0x08002cb8        0x4 C:/ST/STM32CubeIDE_1.19.0/STM32CubeIDE/plugins/com.st.stm32cube.ide.mcu.externaltools.gnu-tools-for-stm32.13.3.rel1.win32_1.0.0.202411081344/tools/bin/../lib/gcc/arm-none-eabi/13.3.1/thumb/v6-m/nofp/crti.o
                0x08002cb8                _init
 .init          0x08002cbc        0x8 C:/ST/STM32CubeIDE_1.19.0/STM32CubeIDE/plugins/com.st.stm32cube.ide.mcu.externaltools.gnu-tools-for-stm32.13.3.rel1.win32_1.0.0.202411081344/tools/bin/../lib/gcc/arm-none-eabi/13.3.1/thumb/v6-m/nofp/crtn.o
 *(.fini)
 .fini          0x08002cc4        0x4 C:/ST/STM32CubeIDE_1.19.0/STM32CubeIDE/plugins/com.st.stm32cube.ide.mcu.externaltools.gnu-tools-for-stm32.13.3.rel1.win32_1.0.0.202411081344/tools/bin/../lib/gcc/arm-none-eabi/13.3.1/thumb/v6-m/nofp/crti.o
                0x08002cc4                _fini
 .fini          0x08002cc8        0x8 C:/ST/STM32CubeIDE_1.19.0/STM32CubeIDE/plugins/com.st.stm32cube.ide.mcu.externaltools.gnu-tools-for-stm32.13.3.rel1.win32_1.0.0.202411081344/tools/bin/../lib/gcc/arm-none-eabi/13.3.1/thumb/v6-m/nofp/crtn.o
                0x08002cd0                        . = ALIGN (0x4)
                0x08002cd0                        _etext = .

.vfp11_veneer   0x08002cd0        0x0
 .vfp11_veneer  0x08002cd0        0x0 linker stubs

.v4_bx          0x08002cd0        0x0
 .v4_bx         0x08002cd0        0x0 linker stubs

.iplt           0x08002cd0        0x0
 .iplt          0x08002cd0        0x0 C:/ST/STM32CubeIDE_1.19.0/STM32CubeIDE/plugins/com.st.stm32cube.ide.mcu.externaltools.gnu-tools-for-stm32.13.3.rel1.win32_1.0.0.202411081344/tools/bin/../lib/gcc/arm-none-eabi/13.3.1/thumb/v6-m/nofp/crtbegin.o

.rodata         0x08002cd0     0x18a4
                0x08002cd0                        . = ALIGN (0x4)
 *(.rodata)
 .rodata        0x08002cd0        0x8 ./Core/Src/main.o
 *(.rodata*)
 .rodata.AHBPrescTable
                0x08002cd8       0x10 ./Core/Src/system_stm32l0xx.o
                0x08002cd8                AHBPrescTable
 .rodata.PLLMulTable
                0x08002ce8        0x9 ./Core/Src/system_stm32l0xx.o
                0x08002ce8                PLLMulTable
 *fill*         0x08002cf1        0x3 
 .rodata.WF_LUT
                0x08002cf4       0x5a ./Drivers/BSP/Components/gde021a1/gde021a1.o
                0x08002cf4                WF_LUT
 *fill*         0x08002d4e        0x2 
 .rodata.GPIO_PIN
                0x08002d50        0x4 ./Drivers/BSP/STM32L0538-Discovery/stm32l0538_discovery.o
                0x08002d50                GPIO_PIN
 .rodata.Font16_Table
                0x08002d54     0x1054 ./Drivers/BSP/STM32L0538-Discovery/stm32l0538_discovery_epd.o
                0x08002d54                Font16_Table
 .rodata.Font12_Table
                0x08003da8      0x7cb ./Drivers/BSP/STM32L0538-Discovery/stm32l0538_discovery_epd.o
                0x08003da8                Font12_Table
                0x08004574                        . = ALIGN (0x4)
 *fill*         0x08004573        0x1 

.ARM.extab      0x08004574        0x0
                0x08004574                        . = ALIGN (0x4)
 *(.ARM.extab* .gnu.linkonce.armextab.*)
                0x08004574                        . = ALIGN (0x4)

.ARM            0x08004574        0x0
                0x08004574                        . = ALIGN (0x4)
                0x08004574                        __exidx_start = .
 *(.ARM.exidx*)
                0x08004574                        __exidx_end = .
                0x08004574                        . = ALIGN (0x4)

.preinit_array  0x08004574        0x0
                0x08004574                        . = ALIGN (0x4)
                0x08004574                        PROVIDE (__preinit_array_start = .)
 *(.preinit_array*)
                0x08004574                        PROVIDE (__preinit_array_end = .)
                0x08004574                        . = ALIGN (0x4)

.init_array     0x08004574        0x4
                0x08004574                        . = ALIGN (0x4)
                0x08004574                        PROVIDE (__init_array_start = .)
 *(SORT_BY_NAME(.init_array.*))
 *(.init_array*)
 .init_array    0x08004574        0x4 C:/ST/STM32CubeIDE_1.19.0/STM32CubeIDE/plugins/com.st.stm32cube.ide.mcu.externaltools.gnu-tools-for-stm32.13.3.rel1.win32_1.0.0.202411081344/tools/bin/../lib/gcc/arm-none-eabi/13.3.1/thumb/v6-m/nofp/crtbegin.o
                0x08004578                        PROVIDE (__init_array_end = .)
                0x08004578                        . = ALIGN (0x4)

.fini_array     0x08004578        0x4
                0x08004578                        . = ALIGN (0x4)
                [!provide]                        PROVIDE (__fini_array_start = .)
 *(SORT_BY_NAME(.fini_array.*))
 *(.fini_array*)
 .fini_array    0x08004578        0x4 C:/ST/STM32CubeIDE_1.19.0/STM32CubeIDE/plugins/com.st.stm32cube.ide.mcu.externaltools.gnu-tools-for-stm32.13.3.rel1.win32_1.0.0.202411081344/tools/bin/../lib/gcc/arm-none-eabi/13.3.1/thumb/v6-m/nofp/crtbegin.o
                [!provide]                        PROVIDE (__fini_array_end = .)
                0x0800457c                        . = ALIGN (0x4)
                0x0800457c                        _sidata = LOADADDR (.data)

.rel.dyn        0x0800457c        0x0
 .rel.iplt      0x0800457c        0x0 C:/ST/STM32CubeIDE_1.19.0/STM32CubeIDE/plugins/com.st.stm32cube.ide.mcu.externaltools.gnu-tools-for-stm32.13.3.rel1.win32_1.0.0.202411081344/tools/bin/../lib/gcc/arm-none-eabi/13.3.1/thumb/v6-m/nofp/crtbegin.o

.data           0x20000000       0x44 load address 0x0800457c
                0x20000000                        . = ALIGN (0x4)
                0x20000000                        _sdata = .
 *(.data)
 *(.data*)
 .data.SystemCoreClock
                0x20000000        0x4 ./Core/Src/system_stm32l0xx.o
                0x20000000                SystemCoreClock
 .data.gde021a1_drv
                0x20000004       0x20 ./Drivers/BSP/Components/gde021a1/gde021a1.o
                0x20000004                gde021a1_drv
 .data.GPIO_PORT
                0x20000024        0x8 ./Drivers/BSP/STM32L0538-Discovery/stm32l0538_discovery.o
                0x20000024                GPIO_PORT
 .data.Font16   0x2000002c        0x8 ./Drivers/BSP/STM32L0538-Discovery/stm32l0538_discovery_epd.o
                0x2000002c                Font16
 .data.Font12   0x20000034        0x8 ./Drivers/BSP/STM32L0538-Discovery/stm32l0538_discovery_epd.o
                0x20000034                Font12
 .data.uwTickPrio
                0x2000003c        0x4 ./Drivers/STM32L0xx_HAL_Driver/Src/stm32l0xx_hal.o
                0x2000003c                uwTickPrio
 .data.uwTickFreq
                0x20000040        0x1 ./Drivers/STM32L0xx_HAL_Driver/Src/stm32l0xx_hal.o
                0x20000040                uwTickFreq
 *(.RamFunc)
 *(.RamFunc*)
                0x20000044                        . = ALIGN (0x4)
 *fill*         0x20000041        0x3 
                0x20000044                        _edata = .

.igot.plt       0x20000044        0x0 load address 0x080045c0
 .igot.plt      0x20000044        0x0 C:/ST/STM32CubeIDE_1.19.0/STM32CubeIDE/plugins/com.st.stm32cube.ide.mcu.externaltools.gnu-tools-for-stm32.13.3.rel1.win32_1.0.0.202411081344/tools/bin/../lib/gcc/arm-none-eabi/13.3.1/thumb/v6-m/nofp/crtbegin.o
                0x20000044                        . = ALIGN (0x4)

.bss            0x20000044       0xd8 load address 0x080045c0
                0x20000044                        _sbss = .
                0x20000044                        __bss_start__ = _sbss
 *(.bss)
 .bss           0x20000044       0x1c C:/ST/STM32CubeIDE_1.19.0/STM32CubeIDE/plugins/com.st.stm32cube.ide.mcu.externaltools.gnu-tools-for-stm32.13.3.rel1.win32_1.0.0.202411081344/tools/bin/../lib/gcc/arm-none-eabi/13.3.1/thumb/v6-m/nofp/crtbegin.o
 *(.bss*)
 .bss.hspi1     0x20000060       0x58 ./Core/Src/main.o
                0x20000060                hspi1
 .bss.SpiHandle
                0x200000b8       0x58 ./Drivers/BSP/STM32L0538-Discovery/stm32l0538_discovery.o
 .bss.pFont     0x20000110        0x4 ./Drivers/BSP/STM32L0538-Discovery/stm32l0538_discovery_epd.o
 .bss.epd_drv   0x20000114        0x4 ./Drivers/BSP/STM32L0538-Discovery/stm32l0538_discovery_epd.o
 .bss.uwTick    0x20000118        0x4 ./Drivers/STM32L0xx_HAL_Driver/Src/stm32l0xx_hal.o
                0x20000118                uwTick
 *(COMMON)
                0x2000011c                        . = ALIGN (0x4)
                0x2000011c                        _ebss = .
                0x2000011c                        __bss_end__ = _ebss

._user_heap_stack
                0x2000011c      0x604 load address 0x080045c0
                0x20000120                        . = ALIGN (0x8)
 *fill*         0x2000011c        0x4 
                [!provide]                        PROVIDE (end = .)
                0x20000120                        PROVIDE (_end = .)
                0x20000320                        . = (. + _Min_Heap_Size)
 *fill*         0x20000120      0x200 
                0x20000720                        . = (. + _Min_Stack_Size)
 *fill*         0x20000320      0x400 
                0x20000720                        . = ALIGN (0x8)

/DISCARD/
 libc.a(*)
 libm.a(*)
 libgcc.a(*)

.ARM.attributes
                0x00000000       0x28
 *(.ARM.attributes)
 .ARM.attributes
                0x00000000       0x1e C:/ST/STM32CubeIDE_1.19.0/STM32CubeIDE/plugins/com.st.stm32cube.ide.mcu.externaltools.gnu-tools-for-stm32.13.3.rel1.win32_1.0.0.202411081344/tools/bin/../lib/gcc/arm-none-eabi/13.3.1/thumb/v6-m/nofp/crti.o
 .ARM.attributes
                0x0000001e       0x2c C:/ST/STM32CubeIDE_1.19.0/STM32CubeIDE/plugins/com.st.stm32cube.ide.mcu.externaltools.gnu-tools-for-stm32.13.3.rel1.win32_1.0.0.202411081344/tools/bin/../lib/gcc/arm-none-eabi/13.3.1/thumb/v6-m/nofp/crtbegin.o
 .ARM.attributes
                0x0000004a       0x2c ./Core/Src/main.o
 .ARM.attributes
                0x00000076       0x2c ./Core/Src/stm32l0xx_hal_msp.o
 .ARM.attributes
                0x000000a2       0x2c ./Core/Src/stm32l0xx_it.o
 .ARM.attributes
                0x000000ce       0x2c ./Core/Src/system_stm32l0xx.o
 .ARM.attributes
                0x000000fa       0x22 ./Core/Startup/startup_stm32l053c8tx.o
 .ARM.attributes
                0x0000011c       0x2c ./Drivers/BSP/Components/gde021a1/gde021a1.o
 .ARM.attributes
                0x00000148       0x2c ./Drivers/BSP/STM32L0538-Discovery/stm32l0538_discovery.o
 .ARM.attributes
                0x00000174       0x2c ./Drivers/BSP/STM32L0538-Discovery/stm32l0538_discovery_epd.o
 .ARM.attributes
                0x000001a0       0x2c ./Drivers/STM32L0xx_HAL_Driver/Src/stm32l0xx_hal.o
 .ARM.attributes
                0x000001cc       0x2c ./Drivers/STM32L0xx_HAL_Driver/Src/stm32l0xx_hal_cortex.o
 .ARM.attributes
                0x000001f8       0x2c ./Drivers/STM32L0xx_HAL_Driver/Src/stm32l0xx_hal_gpio.o
 .ARM.attributes
                0x00000224       0x2c ./Drivers/STM32L0xx_HAL_Driver/Src/stm32l0xx_hal_rcc.o
 .ARM.attributes
                0x00000250       0x2c ./Drivers/STM32L0xx_HAL_Driver/Src/stm32l0xx_hal_spi.o
 .ARM.attributes
                0x0000027c       0x2c C:/ST/STM32CubeIDE_1.19.0/STM32CubeIDE/plugins/com.st.stm32cube.ide.mcu.externaltools.gnu-tools-for-stm32.13.3.rel1.win32_1.0.0.202411081344/tools/bin/../lib/gcc/arm-none-eabi/13.3.1/../../../../arm-none-eabi/lib/thumb/v6-m/nofp\libc_nano.a(libc_a-memset.o)
 .ARM.attributes
                0x000002a8       0x2c C:/ST/STM32CubeIDE_1.19.0/STM32CubeIDE/plugins/com.st.stm32cube.ide.mcu.externaltools.gnu-tools-for-stm32.13.3.rel1.win32_1.0.0.202411081344/tools/bin/../lib/gcc/arm-none-eabi/13.3.1/../../../../arm-none-eabi/lib/thumb/v6-m/nofp\libc_nano.a(libc_a-init.o)
 .ARM.attributes
                0x000002d4       0x1e C:/ST/STM32CubeIDE_1.19.0/STM32CubeIDE/plugins/com.st.stm32cube.ide.mcu.externaltools.gnu-tools-for-stm32.13.3.rel1.win32_1.0.0.202411081344/tools/bin/../lib/gcc/arm-none-eabi/13.3.1/thumb/v6-m/nofp\libgcc.a(_udivsi3.o)
 .ARM.attributes
                0x000002f2       0x1e C:/ST/STM32CubeIDE_1.19.0/STM32CubeIDE/plugins/com.st.stm32cube.ide.mcu.externaltools.gnu-tools-for-stm32.13.3.rel1.win32_1.0.0.202411081344/tools/bin/../lib/gcc/arm-none-eabi/13.3.1/thumb/v6-m/nofp\libgcc.a(_dvmd_tls.o)
 .ARM.attributes
                0x00000310       0x1e C:/ST/STM32CubeIDE_1.19.0/STM32CubeIDE/plugins/com.st.stm32cube.ide.mcu.externaltools.gnu-tools-for-stm32.13.3.rel1.win32_1.0.0.202411081344/tools/bin/../lib/gcc/arm-none-eabi/13.3.1/thumb/v6-m/nofp/crtn.o
OUTPUT(004_epd.elf elf32-littlearm)
LOAD linker stubs
LOAD C:/ST/STM32CubeIDE_1.19.0/STM32CubeIDE/plugins/com.st.stm32cube.ide.mcu.externaltools.gnu-tools-for-stm32.13.3.rel1.win32_1.0.0.202411081344/tools/bin/../lib/gcc/arm-none-eabi/13.3.1/../../../../arm-none-eabi/lib/thumb/v6-m/nofp\libc.a
LOAD C:/ST/STM32CubeIDE_1.19.0/STM32CubeIDE/plugins/com.st.stm32cube.ide.mcu.externaltools.gnu-tools-for-stm32.13.3.rel1.win32_1.0.0.202411081344/tools/bin/../lib/gcc/arm-none-eabi/13.3.1/../../../../arm-none-eabi/lib/thumb/v6-m/nofp\libm.a
LOAD C:/ST/STM32CubeIDE_1.19.0/STM32CubeIDE/plugins/com.st.stm32cube.ide.mcu.externaltools.gnu-tools-for-stm32.13.3.rel1.win32_1.0.0.202411081344/tools/bin/../lib/gcc/arm-none-eabi/13.3.1/thumb/v6-m/nofp\libgcc.a

.debug_info     0x00000000     0x6a1c
 .debug_info    0x00000000      0xc87 ./Core/Src/main.o
 .debug_info    0x00000c87      0x829 ./Core/Src/stm32l0xx_hal_msp.o
 .debug_info    0x000014b0       0xd3 ./Core/Src/stm32l0xx_it.o
 .debug_info    0x00001583      0x2d0 ./Core/Src/system_stm32l0xx.o
 .debug_info    0x00001853       0x30 ./Core/Startup/startup_stm32l053c8tx.o
 .debug_info    0x00001883      0x3f8 ./Drivers/BSP/Components/gde021a1/gde021a1.o
 .debug_info    0x00001c7b      0xee9 ./Drivers/BSP/STM32L0538-Discovery/stm32l0538_discovery.o
 .debug_info    0x00002b64      0x8ba ./Drivers/BSP/STM32L0538-Discovery/stm32l0538_discovery_epd.o
 .debug_info    0x0000341e      0x863 ./Drivers/STM32L0xx_HAL_Driver/Src/stm32l0xx_hal.o
 .debug_info    0x00003c81      0x88a ./Drivers/STM32L0xx_HAL_Driver/Src/stm32l0xx_hal_cortex.o
 .debug_info    0x0000450b      0x624 ./Drivers/STM32L0xx_HAL_Driver/Src/stm32l0xx_hal_gpio.o
 .debug_info    0x00004b2f      0x9f9 ./Drivers/STM32L0xx_HAL_Driver/Src/stm32l0xx_hal_rcc.o
 .debug_info    0x00005528     0x14f4 ./Drivers/STM32L0xx_HAL_Driver/Src/stm32l0xx_hal_spi.o

.debug_abbrev   0x00000000     0x1a0c
 .debug_abbrev  0x00000000      0x297 ./Core/Src/main.o
 .debug_abbrev  0x00000297      0x1a0 ./Core/Src/stm32l0xx_hal_msp.o
 .debug_abbrev  0x00000437       0x73 ./Core/Src/stm32l0xx_it.o
 .debug_abbrev  0x000004aa      0x11c ./Core/Src/system_stm32l0xx.o
 .debug_abbrev  0x000005c6       0x24 ./Core/Startup/startup_stm32l053c8tx.o
 .debug_abbrev  0x000005ea      0x217 ./Drivers/BSP/Components/gde021a1/gde021a1.o
 .debug_abbrev  0x00000801      0x310 ./Drivers/BSP/STM32L0538-Discovery/stm32l0538_discovery.o
 .debug_abbrev  0x00000b11      0x2ec ./Drivers/BSP/STM32L0538-Discovery/stm32l0538_discovery_epd.o
 .debug_abbrev  0x00000dfd      0x2a0 ./Drivers/STM32L0xx_HAL_Driver/Src/stm32l0xx_hal.o
 .debug_abbrev  0x0000109d      0x29b ./Drivers/STM32L0xx_HAL_Driver/Src/stm32l0xx_hal_cortex.o
 .debug_abbrev  0x00001338      0x1ca ./Drivers/STM32L0xx_HAL_Driver/Src/stm32l0xx_hal_gpio.o
 .debug_abbrev  0x00001502      0x296 ./Drivers/STM32L0xx_HAL_Driver/Src/stm32l0xx_hal_rcc.o
 .debug_abbrev  0x00001798      0x274 ./Drivers/STM32L0xx_HAL_Driver/Src/stm32l0xx_hal_spi.o

.debug_aranges  0x00000000      0x760
 .debug_aranges
                0x00000000       0x40 ./Core/Src/main.o
 .debug_aranges
                0x00000040       0x30 ./Core/Src/stm32l0xx_hal_msp.o
 .debug_aranges
                0x00000070       0x40 ./Core/Src/stm32l0xx_it.o
 .debug_aranges
                0x000000b0       0x28 ./Core/Src/system_stm32l0xx.o
 .debug_aranges
                0x000000d8       0x28 ./Core/Startup/startup_stm32l053c8tx.o
 .debug_aranges
                0x00000100       0x68 ./Drivers/BSP/Components/gde021a1/gde021a1.o
 .debug_aranges
                0x00000168       0xb8 ./Drivers/BSP/STM32L0538-Discovery/stm32l0538_discovery.o
 .debug_aranges
                0x00000220       0xa0 ./Drivers/BSP/STM32L0538-Discovery/stm32l0538_discovery_epd.o
 .debug_aranges
                0x000002c0      0x110 ./Drivers/STM32L0xx_HAL_Driver/Src/stm32l0xx_hal.o
 .debug_aranges
                0x000003d0       0xe8 ./Drivers/STM32L0xx_HAL_Driver/Src/stm32l0xx_hal_cortex.o
 .debug_aranges
                0x000004b8       0x58 ./Drivers/STM32L0xx_HAL_Driver/Src/stm32l0xx_hal_gpio.o
 .debug_aranges
                0x00000510       0x80 ./Drivers/STM32L0xx_HAL_Driver/Src/stm32l0xx_hal_rcc.o
 .debug_aranges
                0x00000590      0x1d0 ./Drivers/STM32L0xx_HAL_Driver/Src/stm32l0xx_hal_spi.o

.debug_rnglists
                0x00000000      0x57a
 .debug_rnglists
                0x00000000       0x2d ./Core/Src/main.o
 .debug_rnglists
                0x0000002d       0x20 ./Core/Src/stm32l0xx_hal_msp.o
 .debug_rnglists
                0x0000004d       0x2b ./Core/Src/stm32l0xx_it.o
 .debug_rnglists
                0x00000078       0x1a ./Core/Src/system_stm32l0xx.o
 .debug_rnglists
                0x00000092       0x19 ./Core/Startup/startup_stm32l053c8tx.o
 .debug_rnglists
                0x000000ab       0x4c ./Drivers/BSP/Components/gde021a1/gde021a1.o
 .debug_rnglists
                0x000000f7       0x89 ./Drivers/BSP/STM32L0538-Discovery/stm32l0538_discovery.o
 .debug_rnglists
                0x00000180       0x78 ./Drivers/BSP/STM32L0538-Discovery/stm32l0538_discovery_epd.o
 .debug_rnglists
                0x000001f8       0xc7 ./Drivers/STM32L0xx_HAL_Driver/Src/stm32l0xx_hal.o
 .debug_rnglists
                0x000002bf       0xaa ./Drivers/STM32L0xx_HAL_Driver/Src/stm32l0xx_hal_cortex.o
 .debug_rnglists
                0x00000369       0x3f ./Drivers/STM32L0xx_HAL_Driver/Src/stm32l0xx_hal_gpio.o
 .debug_rnglists
                0x000003a8       0x61 ./Drivers/STM32L0xx_HAL_Driver/Src/stm32l0xx_hal_rcc.o
 .debug_rnglists
                0x00000409      0x171 ./Drivers/STM32L0xx_HAL_Driver/Src/stm32l0xx_hal_spi.o

.debug_macro    0x00000000    0x12b2e
 .debug_macro   0x00000000      0x1db ./Core/Src/main.o
 .debug_macro   0x000001db      0xaae ./Core/Src/main.o
 .debug_macro   0x00000c89      0x119 ./Core/Src/main.o
 .debug_macro   0x00000da2       0x2e ./Core/Src/main.o
 .debug_macro   0x00000dd0       0x28 ./Core/Src/main.o
 .debug_macro   0x00000df8       0x22 ./Core/Src/main.o
 .debug_macro   0x00000e1a       0x8e ./Core/Src/main.o
 .debug_macro   0x00000ea8       0x51 ./Core/Src/main.o
 .debug_macro   0x00000ef9      0x103 ./Core/Src/main.o
 .debug_macro   0x00000ffc       0x6a ./Core/Src/main.o
 .debug_macro   0x00001066      0x1df ./Core/Src/main.o
 .debug_macro   0x00001245       0x1c ./Core/Src/main.o
 .debug_macro   0x00001261       0x22 ./Core/Src/main.o
 .debug_macro   0x00001283       0xaf ./Core/Src/main.o
 .debug_macro   0x00001332      0x4da ./Core/Src/main.o
 .debug_macro   0x0000180c      0x11f ./Core/Src/main.o
 .debug_macro   0x0000192b     0x9f52 ./Core/Src/main.o
 .debug_macro   0x0000b87d       0x66 ./Core/Src/main.o
 .debug_macro   0x0000b8e3     0x35ac ./Core/Src/main.o
 .debug_macro   0x0000ee8f      0x190 ./Core/Src/main.o
 .debug_macro   0x0000f01f       0x5c ./Core/Src/main.o
 .debug_macro   0x0000f07b      0x8e4 ./Core/Src/main.o
 .debug_macro   0x0000f95f      0x9d2 ./Core/Src/main.o
 .debug_macro   0x00010331      0x190 ./Core/Src/main.o
 .debug_macro   0x000104c1      0x13f ./Core/Src/main.o
 .debug_macro   0x00010600      0x17d ./Core/Src/main.o
 .debug_macro   0x0001077d       0x82 ./Core/Src/main.o
 .debug_macro   0x000107ff      0x28e ./Core/Src/main.o
 .debug_macro   0x00010a8d      0x1e9 ./Core/Src/main.o
 .debug_macro   0x00010c76      0x128 ./Core/Src/main.o
 .debug_macro   0x00010d9e      0x2ab ./Core/Src/main.o
 .debug_macro   0x00011049      0x180 ./Core/Src/main.o
 .debug_macro   0x000111c9       0x16 ./Core/Src/main.o
 .debug_macro   0x000111df      0x22c ./Core/Src/main.o
 .debug_macro   0x0001140b      0x16c ./Core/Src/main.o
 .debug_macro   0x00011577      0x198 ./Core/Src/main.o
 .debug_macro   0x0001170f       0xf4 ./Core/Src/main.o
 .debug_macro   0x00011803       0x10 ./Core/Src/main.o
 .debug_macro   0x00011813       0x22 ./Core/Src/main.o
 .debug_macro   0x00011835      0x1a1 ./Core/Src/stm32l0xx_hal_msp.o
 .debug_macro   0x000119d6      0x1ab ./Core/Src/stm32l0xx_it.o
 .debug_macro   0x00011b81      0x197 ./Core/Src/system_stm32l0xx.o
 .debug_macro   0x00011d18       0x7c ./Drivers/BSP/Components/gde021a1/gde021a1.o
 .debug_macro   0x00011d94      0x1c4 ./Drivers/BSP/STM32L0538-Discovery/stm32l0538_discovery.o
 .debug_macro   0x00011f58      0x192 ./Drivers/BSP/STM32L0538-Discovery/stm32l0538_discovery.o
 .debug_macro   0x000120ea      0x1e1 ./Drivers/BSP/STM32L0538-Discovery/stm32l0538_discovery_epd.o
 .debug_macro   0x000122cb      0x1bb ./Drivers/STM32L0xx_HAL_Driver/Src/stm32l0xx_hal.o
 .debug_macro   0x00012486      0x197 ./Drivers/STM32L0xx_HAL_Driver/Src/stm32l0xx_hal_cortex.o
 .debug_macro   0x0001261d      0x19e ./Drivers/STM32L0xx_HAL_Driver/Src/stm32l0xx_hal_gpio.o
 .debug_macro   0x000127bb      0x1cd ./Drivers/STM32L0xx_HAL_Driver/Src/stm32l0xx_hal_rcc.o
 .debug_macro   0x00012988      0x1a6 ./Drivers/STM32L0xx_HAL_Driver/Src/stm32l0xx_hal_spi.o

.debug_line     0x00000000     0x8a0f
 .debug_line    0x00000000      0x938 ./Core/Src/main.o
 .debug_line    0x00000938      0x74d ./Core/Src/stm32l0xx_hal_msp.o
 .debug_line    0x00001085      0x75b ./Core/Src/stm32l0xx_it.o
 .debug_line    0x000017e0      0x7af ./Core/Src/system_stm32l0xx.o
 .debug_line    0x00001f8f       0x7b ./Core/Startup/startup_stm32l053c8tx.o
 .debug_line    0x0000200a      0x773 ./Drivers/BSP/Components/gde021a1/gde021a1.o
 .debug_line    0x0000277d      0x9f6 ./Drivers/BSP/STM32L0538-Discovery/stm32l0538_discovery.o
 .debug_line    0x00003173      0xbc2 ./Drivers/BSP/STM32L0538-Discovery/stm32l0538_discovery_epd.o
 .debug_line    0x00003d35      0xa6e ./Drivers/STM32L0xx_HAL_Driver/Src/stm32l0xx_hal.o
 .debug_line    0x000047a3      0xb3f ./Drivers/STM32L0xx_HAL_Driver/Src/stm32l0xx_hal_cortex.o
 .debug_line    0x000052e2      0xace ./Drivers/STM32L0xx_HAL_Driver/Src/stm32l0xx_hal_gpio.o
 .debug_line    0x00005db0      0xfc7 ./Drivers/STM32L0xx_HAL_Driver/Src/stm32l0xx_hal_rcc.o
 .debug_line    0x00006d77     0x1c98 ./Drivers/STM32L0xx_HAL_Driver/Src/stm32l0xx_hal_spi.o

.debug_str      0x00000000    0x70f23
 .debug_str     0x00000000    0x70f23 ./Core/Src/main.o
                              0x6f7e6 (size before relaxing)
 .debug_str     0x00070f23    0x6e627 ./Core/Src/stm32l0xx_hal_msp.o
 .debug_str     0x00070f23    0x6e13c ./Core/Src/stm32l0xx_it.o
 .debug_str     0x00070f23    0x6e207 ./Core/Src/system_stm32l0xx.o
 .debug_str     0x00070f23       0x5d ./Core/Startup/startup_stm32l053c8tx.o
 .debug_str     0x00070f23     0x41b7 ./Drivers/BSP/Components/gde021a1/gde021a1.o
 .debug_str     0x00070f23    0x6f763 ./Drivers/BSP/STM32L0538-Discovery/stm32l0538_discovery.o
 .debug_str     0x00070f23    0x6f395 ./Drivers/BSP/STM32L0538-Discovery/stm32l0538_discovery_epd.o
 .debug_str     0x00070f23    0x6e8ff ./Drivers/STM32L0xx_HAL_Driver/Src/stm32l0xx_hal.o
 .debug_str     0x00070f23    0x6e69b ./Drivers/STM32L0xx_HAL_Driver/Src/stm32l0xx_hal_cortex.o
 .debug_str     0x00070f23    0x6e3a7 ./Drivers/STM32L0xx_HAL_Driver/Src/stm32l0xx_hal_gpio.o
 .debug_str     0x00070f23    0x6e730 ./Drivers/STM32L0xx_HAL_Driver/Src/stm32l0xx_hal_rcc.o
 .debug_str     0x00070f23    0x6eafe ./Drivers/STM32L0xx_HAL_Driver/Src/stm32l0xx_hal_spi.o

.comment        0x00000000       0x43
 .comment       0x00000000       0x43 ./Core/Src/main.o
                                 0x44 (size before relaxing)
 .comment       0x00000043       0x44 ./Core/Src/stm32l0xx_hal_msp.o
 .comment       0x00000043       0x44 ./Core/Src/stm32l0xx_it.o
 .comment       0x00000043       0x44 ./Core/Src/system_stm32l0xx.o
 .comment       0x00000043       0x44 ./Drivers/BSP/Components/gde021a1/gde021a1.o
 .comment       0x00000043       0x44 ./Drivers/BSP/STM32L0538-Discovery/stm32l0538_discovery.o
 .comment       0x00000043       0x44 ./Drivers/BSP/STM32L0538-Discovery/stm32l0538_discovery_epd.o
 .comment       0x00000043       0x44 ./Drivers/STM32L0xx_HAL_Driver/Src/stm32l0xx_hal.o
 .comment       0x00000043       0x44 ./Drivers/STM32L0xx_HAL_Driver/Src/stm32l0xx_hal_cortex.o
 .comment       0x00000043       0x44 ./Drivers/STM32L0xx_HAL_Driver/Src/stm32l0xx_hal_gpio.o
 .comment       0x00000043       0x44 ./Drivers/STM32L0xx_HAL_Driver/Src/stm32l0xx_hal_rcc.o
 .comment       0x00000043       0x44 ./Drivers/STM32L0xx_HAL_Driver/Src/stm32l0xx_hal_spi.o

.debug_frame    0x00000000     0x18d0
 .debug_frame   0x00000000       0xa4 ./Core/Src/main.o
 .debug_frame   0x000000a4       0x6c ./Core/Src/stm32l0xx_hal_msp.o
 .debug_frame   0x00000110       0x9c ./Core/Src/stm32l0xx_it.o
 .debug_frame   0x000001ac       0x4c ./Core/Src/system_stm32l0xx.o
 .debug_frame   0x000001f8      0x148 ./Drivers/BSP/Components/gde021a1/gde021a1.o
 .debug_frame   0x00000340      0x27c ./Drivers/BSP/STM32L0538-Discovery/stm32l0538_discovery.o
 .debug_frame   0x000005bc      0x234 ./Drivers/BSP/STM32L0538-Discovery/stm32l0538_discovery_epd.o
 .debug_frame   0x000007f0      0x394 ./Drivers/STM32L0xx_HAL_Driver/Src/stm32l0xx_hal.o
 .debug_frame   0x00000b84      0x33c ./Drivers/STM32L0xx_HAL_Driver/Src/stm32l0xx_hal_cortex.o
 .debug_frame   0x00000ec0      0x110 ./Drivers/STM32L0xx_HAL_Driver/Src/stm32l0xx_hal_gpio.o
 .debug_frame   0x00000fd0      0x1a4 ./Drivers/STM32L0xx_HAL_Driver/Src/stm32l0xx_hal_rcc.o
 .debug_frame   0x00001174      0x6f0 ./Drivers/STM32L0xx_HAL_Driver/Src/stm32l0xx_hal_spi.o
 .debug_frame   0x00001864       0x20 C:/ST/STM32CubeIDE_1.19.0/STM32CubeIDE/plugins/com.st.stm32cube.ide.mcu.externaltools.gnu-tools-for-stm32.13.3.rel1.win32_1.0.0.202411081344/tools/bin/../lib/gcc/arm-none-eabi/13.3.1/../../../../arm-none-eabi/lib/thumb/v6-m/nofp\libc_nano.a(libc_a-memset.o)
 .debug_frame   0x00001884       0x2c C:/ST/STM32CubeIDE_1.19.0/STM32CubeIDE/plugins/com.st.stm32cube.ide.mcu.externaltools.gnu-tools-for-stm32.13.3.rel1.win32_1.0.0.202411081344/tools/bin/../lib/gcc/arm-none-eabi/13.3.1/../../../../arm-none-eabi/lib/thumb/v6-m/nofp\libc_nano.a(libc_a-init.o)
 .debug_frame   0x000018b0       0x20 C:/ST/STM32CubeIDE_1.19.0/STM32CubeIDE/plugins/com.st.stm32cube.ide.mcu.externaltools.gnu-tools-for-stm32.13.3.rel1.win32_1.0.0.202411081344/tools/bin/../lib/gcc/arm-none-eabi/13.3.1/thumb/v6-m/nofp\libgcc.a(_udivsi3.o)

.debug_line_str
                0x00000000       0x41
 .debug_line_str
                0x00000000       0x41 ./Core/Startup/startup_stm32l053c8tx.o
