<html>
<body>
<pre>
<h1>µVision Build Log</h1>
<h2>Project:</h2>
C:\Users\SANTOSH\Desktop\LPC\03_Temperature_Logger_With_LCD\temperature.uvproj
Project File Date:  04/29/2026

<h2>Output:</h2>
Build target 'Target 1'
compiling main.c...
lcd.h(9): warning:  #1-D: last line of file ends without a newline
  #endif
main.c(46): warning:  #111-D: statement is unreachable
      voltage = ((float)adc * 3.3f) / 1023.0f;
main.c: 2 warnings, 0 errors
linking...
Program Size: Code=2136 RO-data=16 RW-data=0 ZI-data=1256  
FromELF: creating hex file...
".\temperature.axf" - 0 Error(s), 2 Warning(s).
</pre>
</body>
</html>
