../Drivers/BSP/STM32L0538-Discovery/stm32l0538_discovery.c:120:10:BSP_GetVersion	8	static
../Drivers/BSP/STM32L0538-Discovery/stm32l0538_discovery.c:133:6:BSP_LED_Init	48	static
../Drivers/BSP/STM32L0538-Discovery/stm32l0538_discovery.c:159:6:BSP_LED_On	16	static
../Drivers/BSP/STM32L0538-Discovery/stm32l0538_discovery.c:172:6:BSP_LED_Off	16	static
../Drivers/BSP/STM32L0538-Discovery/stm32l0538_discovery.c:185:6:BSP_LED_Toggle	16	static
../Drivers/BSP/STM32L0538-Discovery/stm32l0538_discovery.c:201:6:BSP_PB_Init	40	static
../Drivers/BSP/STM32L0538-Discovery/stm32l0538_discovery.c:238:10:BSP_PB_GetState	16	static
../Drivers/BSP/STM32L0538-Discovery/stm32l0538_discovery.c:253:13:SPIx_Init	8	static
../Drivers/BSP/STM32L0538-Discovery/stm32l0538_discovery.c:285:17:SPIx_Read	40	static
../Drivers/BSP/STM32L0538-Discovery/stm32l0538_discovery.c:308:13:SPIx_Write	32	static
../Drivers/BSP/STM32L0538-Discovery/stm32l0538_discovery.c:327:13:SPIx_Error	8	static
../Drivers/BSP/STM32L0538-Discovery/stm32l0538_discovery.c:341:13:SPIx_MspInit	48	static
../Drivers/BSP/STM32L0538-Discovery/stm32l0538_discovery.c:375:6:EPD_IO_Init	56	static
../Drivers/BSP/STM32L0538-Discovery/stm32l0538_discovery.c:431:6:EPD_IO_WriteData	16	static
../Drivers/BSP/STM32L0538-Discovery/stm32l0538_discovery.c:451:6:EPD_IO_WriteReg	16	static
../Drivers/BSP/STM32L0538-Discovery/stm32l0538_discovery.c:471:10:EPD_IO_ReadData	8	static
../Drivers/BSP/STM32L0538-Discovery/stm32l0538_discovery.c:488:6:EPD_Delay	16	static
../Drivers/BSP/STM32L0538-Discovery/stm32l0538_discovery.c:498:6:EPD_ReadBusy	8	static
../Drivers/BSP/STM32L0538-Discovery/stm32l0538_discovery.c:515:6:EPD_IO_Reset_Low	8	static
../Drivers/BSP/STM32L0538-Discovery/stm32l0538_discovery.c:525:6:EPD_IO_Reset_High	8	static
